REAL_RUN_REPLAY: ekf_core=v1 v2_polish=off
REAL_RUN_REPLAY: filtro=InsEkf15State
REAL_RUN_REPLAY: entrada=C:\NaviCore-3D\docs\benchmarks\real_run_19082026_baseline\real_run_replay.csv
REAL_RUN_REPLAY: salida=C:\NaviCore-3D\docs\benchmarks\ekf_v2_ab_3routes\REF_19082026\v1\replay_output.csv
REAL_RUN_REPLAY: montaje=calibration:C:\NaviCore-3D\calibration\imu_mount.json
REAL_RUN_REPLAY: yaw_init=H0_zero_yaw
REAL_RUN_REPLAY: H9a gravity tilt init (min_samples=50 window=2.0 s)
REAL_RUN_REPLAY: constraint_policy=disabled nhc_policy=disabled nhc_every_n=1 static_end=30.0s gps_thresh=0.10 m/s
REAL_RUN_REPLAY: NHC_sigma lateral=0.500 vertical=1.000 m/s
REAL_RUN_REPLAY: gap3_gnss_nis_audit=C:\NaviCore-3D\docs\benchmarks\ekf_v2_ab_3routes\REF_19082026\v1\gnss_nis_audit.csv
REAL_RUN_REPLAY: gnss_obs_mode=pos_vel | sigma_vel=1.50 m/s | p_pv_policy=none
REAL_RUN_REPLAY: H8 geodesy validation omitida (Location.csv no disponible)
REAL_RUN_REPLAY: inicializado @ t=2.672 s | ref NED=(0.000, 0.000, -0.000) m
GNSS_NIS_DECISION t_ms=0 n_meas=3 NIS_used=0.000000 thr=15.086000 innov=[0.000,0.000,0.000,0.000,0.000] contrib=[0.000,0.000,0.000,0.000,0.000] S_diag=[7818.560,7818.560,7823.560,0.000,0.000] decision=accept reason=0
REAL_RUN_REPLAY: H9a gravity tilt init @ t=3.174 s | samples=50 | mean_a_body=(-3.390, -7.395, 6.270) | mean_w_body=(-0.00595, -0.25955, 0.19958) | roll=-49.71 pitch=19.27 deg
GNSS_NIS_DECISION t_ms=4293 n_meas=5 NIS_used=12.083875 thr=15.086000 innov=[-1.463,20.549,-0.009,-0.911,8.315] contrib=[0.000,0.079,0.000,-0.289,12.293] S_diag=[4415.618,4402.429,4406.071,49.785,8.039] decision=accept reason=0
GNSS_NIS_AUDIT_COMPARE t_s=4.301356 gnss_nis_gate=12.083875 gnss_nis_pos3d=0.054260 thr=15.086000 contrib=[0.000,0.079,0.000,-0.289,12.293] accepted=1 reject_reason=0
GNSS_NIS_DECISION t_ms=5291 n_meas=5 NIS_used=1.793187 thr=15.086000 innov=[3.809,20.518,10.942,4.095,-0.881] contrib=[0.001,0.180,0.049,1.492,0.070] S_diag=[2410.004,2407.460,2412.481,11.078,8.046] decision=accept reason=0
GNSS_NIS_AUDIT_COMPARE t_s=5.301356 gnss_nis_gate=1.793187 gnss_nis_pos3d=0.126005 thr=15.086000 contrib=[0.001,0.180,0.049,1.492,0.070] accepted=1 reject_reason=0
GNSS_NIS_DECISION t_ms=6299 n_meas=5 NIS_used=5.583797 thr=15.086000 innov=[5.037,16.276,12.645,2.457,-6.603] contrib=[0.011,0.207,0.087,0.552,4.727] S_diag=[1625.389,1624.892,1637.456,9.161,9.144] decision=accept reason=0
GNSS_NIS_AUDIT_COMPARE t_s=6.301356 gnss_nis_gate=5.583797 gnss_nis_pos3d=0.186521 thr=15.086000 contrib=[0.011,0.207,0.087,0.552,4.727] accepted=1 reject_reason=0
GNSS_NIS_DECISION t_ms=7298 n_meas=5 NIS_used=5.201035 thr=15.086000 innov=[1.710,19.109,13.389,-5.768,-0.688] contrib=[0.008,0.307,0.132,4.735,0.020] S_diag=[1222.864,1223.190,1254.203,7.026,11.467] decision=accept reason=0
GNSS_NIS_AUDIT_COMPARE t_s=7.301355 gnss_nis_gate=5.201035 gnss_nis_pos3d=0.334762 thr=15.086000 contrib=[0.008,0.307,0.132,4.735,0.020] accepted=1 reject_reason=0
GNSS_NIS_DECISION t_ms=8296 n_meas=5 NIS_used=8.326020 thr=15.086000 innov=[1.631,20.856,14.336,-6.335,3.554] contrib=[0.021,0.968,0.339,5.259,1.739] S_diag=[406.441,406.055,472.946,8.866,10.133] decision=accept reason=0
GNSS_NIS_AUDIT_COMPARE t_s=8.301355 gnss_nis_gate=8.326020 gnss_nis_pos3d=0.516876 thr=15.086000 contrib=[0.021,0.968,0.339,5.259,1.739] accepted=1 reject_reason=0
GNSS_NIS_DECISION t_ms=9294 n_meas=5 NIS_used=5.305793 thr=15.086000 innov=[2.115,21.791,9.170,-2.773,5.283] contrib=[0.019,1.123,0.094,0.739,3.331] S_diag=[366.235,365.548,472.453,9.429,7.751] decision=accept reason=0
GNSS_NIS_AUDIT_COMPARE t_s=9.301355 gnss_nis_gate=5.305793 gnss_nis_pos3d=1.338331 thr=15.086000 contrib=[0.019,1.123,0.094,0.739,3.331] accepted=1 reject_reason=0
[t=  10.0 s] rows=1000 imu=993 gps=7 drift=14.65 m
GNSS_NIS_DECISION t_ms=10293 n_meas=5 NIS_used=2.106244 thr=15.086000 innov=[2.921,20.043,0.468,-0.040,1.039] contrib=[0.043,1.973,-0.000,0.000,0.090] S_diag=[199.805,199.744,331.369,6.256,6.951] decision=accept reason=0
GNSS_NIS_AUDIT_COMPARE t_s=10.301355 gnss_nis_gate=2.106244 gnss_nis_pos3d=1.117883 thr=15.086000 contrib=[0.043,1.973,-0.000,0.000,0.090] accepted=1 reject_reason=0
GNSS_NIS_DECISION t_ms=11291 n_meas=5 NIS_used=2.870220 thr=15.086000 innov=[1.876,17.645,-2.726,-1.545,-1.628] contrib=[0.030,1.725,0.017,0.503,0.596] S_diag=[193.648,193.496,302.096,5.524,5.926] decision=accept reason=0
GNSS_NIS_AUDIT_COMPARE t_s=11.301354 gnss_nis_gate=2.870220 gnss_nis_pos3d=1.599532 thr=15.086000 contrib=[0.030,1.725,0.017,0.503,0.596] accepted=1 reject_reason=0
GNSS_NIS_DECISION t_ms=12299 n_meas=5 NIS_used=5.949784 thr=15.086000 innov=[-0.545,18.896,-1.961,-4.387,0.290] contrib=[-0.008,1.894,0.018,4.085,-0.040] S_diag=[189.810,189.854,280.927,4.856,6.652] decision=accept reason=0
GNSS_NIS_AUDIT_COMPARE t_s=12.301354 gnss_nis_gate=5.949784 gnss_nis_pos3d=1.854767 thr=15.086000 contrib=[-0.008,1.894,0.018,4.085,-0.040] accepted=1 reject_reason=0
GNSS_NIS_DECISION t_ms=13298 n_meas=5 NIS_used=8.187649 thr=15.086000 innov=[-0.019,15.472,-2.044,-3.827,-3.330] contrib=[-0.000,1.912,0.023,3.884,2.369] S_diag=[145.436,145.571,226.467,4.439,6.712] decision=accept reason=0
GNSS_NIS_AUDIT_COMPARE t_s=13.301354 gnss_nis_gate=8.187649 gnss_nis_pos3d=1.273453 thr=15.086000 contrib=[-0.000,1.912,0.023,3.884,2.369] accepted=1 reject_reason=0
GNSS_NIS_DECISION t_ms=14296 n_meas=5 NIS_used=11.373798 thr=15.086000 innov=[-1.017,13.572,-1.260,-5.195,-3.254] contrib=[-0.029,2.042,0.025,7.270,2.066] S_diag=[106.702,107.009,172.042,3.792,6.106] decision=accept reason=0
GNSS_NIS_AUDIT_COMPARE t_s=14.301354 gnss_nis_gate=11.373798 gnss_nis_pos3d=1.282527 thr=15.086000 contrib=[-0.029,2.042,0.025,7.270,2.066] accepted=1 reject_reason=0
GNSS_NIS_DECISION t_ms=15294 n_meas=5 NIS_used=8.980696 thr=15.086000 innov=[-0.667,11.262,-1.977,-4.764,-2.493] contrib=[-0.024,2.034,0.073,5.750,1.148] S_diag=[74.095,74.358,121.004,3.890,4.903] decision=accept reason=0
GNSS_NIS_AUDIT_COMPARE t_s=15.301354 gnss_nis_gate=8.980696 gnss_nis_pos3d=1.229804 thr=15.086000 contrib=[-0.024,2.034,0.073,5.750,1.148] accepted=1 reject_reason=0
GNSS_NIS_DECISION t_ms=16292 n_meas=5 NIS_used=4.366713 thr=15.086000 innov=[-0.661,8.905,-3.187,-2.694,-1.356] contrib=[-0.014,1.925,0.176,1.750,0.529] S_diag=[47.924,47.885,77.234,4.208,3.734] decision=accept reason=0
GNSS_NIS_AUDIT_COMPARE t_s=16.301353 gnss_nis_gate=4.366713 gnss_nis_pos3d=1.211955 thr=15.086000 contrib=[-0.014,1.925,0.176,1.750,0.529] accepted=1 reject_reason=0
GNSS_NIS_DECISION t_ms=17301 n_meas=5 NIS_used=2.428503 thr=15.086000 innov=[0.283,5.508,-3.008,-0.415,-1.846] contrib=[0.003,0.992,0.164,0.042,1.227] S_diag=[38.381,37.956,53.861,3.883,3.218] decision=accept reason=0
GNSS_NIS_AUDIT_COMPARE t_s=17.301353 gnss_nis_gate=2.428503 gnss_nis_pos3d=0.839065 thr=15.086000 contrib=[0.003,0.992,0.164,0.042,1.227] accepted=1 reject_reason=0
GNSS_NIS_DECISION t_ms=18299 n_meas=5 NIS_used=1.703456 thr=15.086000 innov=[0.130,3.612,-1.469,-2.234,-0.531] contrib=[0.006,0.421,0.061,1.196,0.019] S_diag=[36.538,35.832,45.613,4.592,4.436] decision=accept reason=0
GNSS_NIS_AUDIT_COMPARE t_s=18.301353 gnss_nis_gate=1.703456 gnss_nis_pos3d=0.412065 thr=15.086000 contrib=[0.006,0.421,0.061,1.196,0.019] accepted=1 reject_reason=0
GNSS_NIS_DECISION t_ms=19297 n_meas=5 NIS_used=7.640907 thr=15.086000 innov=[-0.088,5.458,-1.248,-0.652,4.850] contrib=[-0.002,0.466,0.056,0.248,6.873] S_diag=[36.303,34.828,42.506,6.663,3.613] decision=accept reason=0
GNSS_NIS_AUDIT_COMPARE t_s=19.301353 gnss_nis_gate=7.640907 gnss_nis_pos3d=0.896422 thr=15.086000 contrib=[-0.002,0.466,0.056,0.248,6.873] accepted=1 reject_reason=0
[t=  20.1 s] rows=2000 imu=1983 gps=17 drift=6.81 m
GNSS_NIS_DECISION t_ms=20296 n_meas=5 NIS_used=38.632195 thr=15.086000 innov=[2.764,8.951,-0.204,4.479,10.014] contrib=[0.061,0.864,0.007,3.408,34.292] S_diag=[36.700,33.840,41.647,7.602,2.984] decision=reject reason=1
GNSS_NIS_AUDIT_COMPARE t_s=20.301353 gnss_nis_gate=38.632195 gnss_nis_pos3d=2.568921 thr=15.086000 contrib=[0.061,0.864,0.007,3.408,34.292] accepted=0 reject_reason=1
GNSS_NIS_DECISION t_ms=21294 n_meas=5 NIS_used=143.063202 thr=15.086000 innov=[11.688,22.579,6.474,13.094,16.455] contrib=[0.426,5.831,0.715,37.773,98.318] S_diag=[57.477,37.782,53.509,13.831,4.892] decision=reject reason=1
GNSS_NIS_AUDIT_COMPARE t_s=21.301353 gnss_nis_gate=143.063202 gnss_nis_pos3d=17.012976 thr=15.086000 contrib=[0.426,5.831,0.715,37.773,98.318] accepted=0 reject_reason=1
GNSS_NIS_DECISION t_ms=22292 n_meas=5 NIS_used=305.331177 thr=15.086000 innov=[29.889,41.038,24.181,22.934,19.102] contrib=[3.815,23.186,12.941,135.690,129.699] S_diag=[107.360,49.704,74.947,16.964,12.977] decision=reject reason=1
GNSS_NIS_AUDIT_COMPARE t_s=22.301352 gnss_nis_gate=305.331177 gnss_nis_pos3d=63.497688 thr=15.086000 contrib=[3.815,23.186,12.941,135.690,129.699] accepted=0 reject_reason=1
GNSS_NIS_DECISION t_ms=23301 n_meas=5 NIS_used=484.777100 thr=15.086000 innov=[58.123,59.386,57.182,31.483,16.232] contrib=[18.906,54.221,63.937,264.177,83.536] S_diag=[182.895,94.810,110.811,12.820,28.139] decision=reject reason=1
GNSS_NIS_AUDIT_COMPARE t_s=23.301352 gnss_nis_gate=484.777100 gnss_nis_pos3d=165.781067 thr=15.086000 contrib=[18.906,54.221,63.937,264.177,83.536] accepted=0 reject_reason=1
GNSS_NIS_DECISION t_ms=24299 n_meas=5 NIS_used=678.463196 thr=15.086000 innov=[92.673,72.474,105.666,36.609,8.686] contrib=[53.074,85.456,173.449,348.782,17.701] S_diag=[250.753,212.007,161.306,6.770,43.101] decision=reject reason=1
GNSS_NIS_AUDIT_COMPARE t_s=24.301352 gnss_nis_gate=678.463196 gnss_nis_pos3d=333.084595 thr=15.086000 contrib=[53.074,85.456,173.449,348.782,17.701] accepted=0 reject_reason=1
GNSS_NIS_DECISION t_ms=25297 n_meas=5 NIS_used=890.100647 thr=15.086000 innov=[129.827,76.035,168.518,37.044,-2.168] contrib=[103.695,102.259,338.312,342.041,3.793] S_diag=[276.942,428.568,221.823,7.944,48.290] decision=reject reason=1
GNSS_NIS_AUDIT_COMPARE t_s=25.301352 gnss_nis_gate=890.100647 gnss_nis_pos3d=552.347351 thr=15.086000 contrib=[103.695,102.259,338.312,342.041,3.793] accepted=0 reject_reason=1
GNSS_NIS_DECISION t_ms=26296 n_meas=5 NIS_used=1131.052734 thr=15.086000 innov=[165.775,68.441,241.032,34.419,-12.937] contrib=[159.371,93.604,533.155,273.350,71.573] S_diag=[261.601,726.695,285.722,17.915,39.717] decision=reject reason=1
GNSS_NIS_AUDIT_COMPARE t_s=26.301352 gnss_nis_gate=1131.052734 gnss_nis_pos3d=789.017212 thr=15.086000 contrib=[159.371,93.604,533.155,273.350,71.573] accepted=0 reject_reason=1
GNSS_NIS_DECISION t_ms=27294 n_meas=5 NIS_used=1320.946045 thr=15.086000 innov=[197.968,51.744,317.848,30.165,-20.347] contrib=[223.471,60.548,703.564,168.676,164.687] S_diag=[246.337,1039.324,353.225,27.202,24.218] decision=reject reason=1
GNSS_NIS_AUDIT_COMPARE t_s=27.301352 gnss_nis_gate=1320.946045 gnss_nis_pos3d=1006.282166 thr=15.086000 contrib=[223.471,60.548,703.564,168.676,164.687] accepted=0 reject_reason=1
GNSS_NIS_AUDIT_COMPARE t_s=28.301352 gnss_nis_gate=1382.686523 gnss_nis_pos3d=1183.651978 thr=15.086000 contrib=[298.275,20.796,811.295,87.234,165.087] accepted=0 reject_reason=1
[t=  30.1 s] rows=3000 imu=2973 gps=27 drift=271.04 m
[t=  40.1 s] rows=4000 imu=3963 gps=37 drift=866.26 m
[t=  50.1 s] rows=5000 imu=4953 gps=47 drift=1792.42 m
[t=  60.1 s] rows=6000 imu=5943 gps=57 drift=2997.98 m
[t=  70.1 s] rows=7000 imu=6933 gps=67 drift=4488.12 m
[t=  80.1 s] rows=8000 imu=7923 gps=77 drift=6258.05 m
[t=  90.1 s] rows=9000 imu=8913 gps=87 drift=8312.70 m
[t= 100.1 s] rows=10000 imu=9903 gps=97 drift=10629.44 m
[t= 110.1 s] rows=11000 imu=10893 gps=107 drift=13217.90 m
[t= 120.1 s] rows=12000 imu=11883 gps=117 drift=16104.65 m
[t= 130.1 s] rows=13000 imu=12873 gps=127 drift=19268.88 m
[t= 140.1 s] rows=14000 imu=13863 gps=137 drift=22726.65 m
[t= 150.1 s] rows=15000 imu=14853 gps=147 drift=26465.07 m
[t= 160.2 s] rows=16000 imu=15843 gps=157 drift=30513.76 m
[t= 170.2 s] rows=17000 imu=16833 gps=167 drift=34839.19 m
[t= 180.2 s] rows=18000 imu=17823 gps=177 drift=39402.65 m
[t= 190.2 s] rows=19000 imu=18813 gps=187 drift=44197.89 m
[t= 200.2 s] rows=20000 imu=19803 gps=197 drift=49302.00 m
[t= 210.2 s] rows=21000 imu=20793 gps=207 drift=54812.40 m
[t= 220.2 s] rows=22000 imu=21783 gps=217 drift=60548.14 m
[t= 230.2 s] rows=23000 imu=22773 gps=227 drift=66380.33 m
[t= 240.2 s] rows=24000 imu=23763 gps=237 drift=72386.02 m
[t= 250.3 s] rows=25000 imu=24752 gps=248 drift=78594.88 m
[t= 260.3 s] rows=26000 imu=25743 gps=257 drift=84952.06 m
[t= 270.3 s] rows=27000 imu=26732 gps=268 drift=91513.59 m
[t= 280.4 s] rows=28000 imu=27722 gps=278 drift=98261.34 m
[t= 290.4 s] rows=29000 imu=28712 gps=288 drift=105179.30 m
[t= 300.4 s] rows=30000 imu=29702 gps=298 drift=112243.29 m
[t= 310.4 s] rows=31000 imu=30692 gps=308 drift=119477.05 m
[t= 320.4 s] rows=32000 imu=31682 gps=318 drift=126844.30 m
[t= 330.4 s] rows=33000 imu=32672 gps=328 drift=134422.19 m
[t= 340.4 s] rows=34000 imu=33662 gps=338 drift=142228.86 m
[t= 350.4 s] rows=35000 imu=34652 gps=348 drift=150288.69 m
[t= 360.4 s] rows=36000 imu=35642 gps=358 drift=158649.17 m
[t= 370.4 s] rows=37000 imu=36632 gps=368 drift=167337.25 m
[t= 380.5 s] rows=38000 imu=37622 gps=378 drift=176373.47 m
[t= 390.5 s] rows=39000 imu=38612 gps=388 drift=185708.00 m
[t= 400.5 s] rows=40000 imu=39602 gps=398 drift=195272.92 m
[t= 410.5 s] rows=41000 imu=40592 gps=408 drift=205070.44 m
[t= 420.5 s] rows=42000 imu=41582 gps=418 drift=215129.52 m
[t= 430.5 s] rows=43000 imu=42572 gps=428 drift=225490.62 m
[t= 440.5 s] rows=44000 imu=43562 gps=438 drift=1950.36 m
[t= 450.6 s] rows=45000 imu=44552 gps=448 drift=5264.00 m
[t= 460.6 s] rows=46000 imu=45542 gps=458 drift=23210.51 m
[t= 470.6 s] rows=47000 imu=46532 gps=468 drift=3167915.75 m
[t= 480.6 s] rows=48000 imu=47522 gps=478 drift=635805888.00 m
[t= 490.6 s] rows=49000 imu=48512 gps=488 drift=nan m
[t= 500.6 s] rows=50000 imu=49502 gps=498 drift=nan m
[t= 510.6 s] rows=51000 imu=50492 gps=508 drift=nan m
[t= 520.6 s] rows=52000 imu=51482 gps=518 drift=nan m
[t= 530.6 s] rows=53000 imu=52472 gps=528 drift=nan m
[t= 540.7 s] rows=54000 imu=53462 gps=538 drift=nan m
[t= 550.7 s] rows=55000 imu=54452 gps=548 drift=nan m
[t= 560.6 s] rows=56000 imu=55441 gps=559 drift=nan m
[t= 570.7 s] rows=57000 imu=56430 gps=570 drift=nan m
[t= 580.7 s] rows=58000 imu=57420 gps=580 drift=nan m
[t= 590.7 s] rows=59000 imu=58410 gps=590 drift=nan m
[t= 600.7 s] rows=60000 imu=59400 gps=600 drift=nan m
[t= 610.8 s] rows=61000 imu=60390 gps=610 drift=nan m
[t= 620.8 s] rows=62000 imu=61380 gps=620 drift=nan m
[t= 630.9 s] rows=63000 imu=62370 gps=630 drift=nan m
[t= 640.9 s] rows=64000 imu=63359 gps=641 drift=nan m
[t= 650.9 s] rows=65000 imu=64348 gps=652 drift=nan m
[t= 660.9 s] rows=66000 imu=65336 gps=664 drift=nan m
[t= 670.9 s] rows=67000 imu=66325 gps=675 drift=nan m
----------------------------------------------------------------
 REAL_RUN_REPLAY resumen
  Filas procesadas: 67620 (IMU=66939, GPS=681)
  Duracion:         677.12 s
  Filtro activo:    si
  GNSS aceptadas:   227 | rechazadas: 454 (33.3% aceptadas)
  Ultimo GPS NED:   (4043.537, 7609.508, -3.683) m
  Deriva final H:   nan m
  Estado final NED: (nan, nan, nan) m
----------------------------------------------------------------
