REAL_RUN_REPLAY: ekf_core=v2 v2_polish=off
REAL_RUN_REPLAY: filtro=InsEkf15State_v2
REAL_RUN_REPLAY: entrada=C:\NaviCore-3D\docs\benchmarks\real_run_19082026_baseline\real_run_replay.csv
REAL_RUN_REPLAY: salida=C:\NaviCore-3D\docs\benchmarks\ekf_v2_ab_3routes\REF_19082026\v2\replay_output.csv
REAL_RUN_REPLAY: montaje=calibration:C:\NaviCore-3D\calibration\imu_mount.json
REAL_RUN_REPLAY: yaw_init=H0_zero_yaw
REAL_RUN_REPLAY: H9a gravity tilt init (min_samples=50 window=2.0 s)
REAL_RUN_REPLAY: constraint_policy=disabled nhc_policy=disabled nhc_every_n=1 static_end=30.0s gps_thresh=0.10 m/s
REAL_RUN_REPLAY: NHC_sigma lateral=0.500 vertical=1.000 m/s
REAL_RUN_REPLAY: gap3_gnss_nis_audit=C:\NaviCore-3D\docs\benchmarks\ekf_v2_ab_3routes\REF_19082026\v2\gnss_nis_audit.csv
REAL_RUN_REPLAY: gnss_obs_mode=pos_vel | sigma_vel=1.50 m/s | p_pv_policy=none
REAL_RUN_REPLAY: H8 geodesy validation omitida (Location.csv no disponible)
REAL_RUN_REPLAY: inicializado @ t=2.672 s | ref NED=(0.000, 0.000, -0.000) m
GNSS_NIS_DECISION t_ms=0 n_meas=3 NIS_used=0.000000 thr=1000000.000000 innov=[0.000,0.000,0.000,0.000,0.000] contrib=[0.000,0.000,0.000,0.000,0.000] S_diag=[7818.560,7818.560,7823.560,0.000,0.000] decision=accept reason=0
REAL_RUN_REPLAY: H9a gravity tilt init @ t=3.174 s | samples=50 | mean_a_body=(-3.390, -7.395, 6.270) | mean_w_body=(-0.00595, -0.25955, 0.19958) | roll=-49.71 pitch=19.27 deg
GNSS_NIS_DECISION t_ms=4293 n_meas=3 NIS_used=0.096393 thr=1000000.000000 innov=[-1.461,20.550,-0.009,0.000,0.000] contrib=[0.000,0.096,0.000,0.000,0.000] S_diag=[4415.618,4402.429,4406.071,0.000,0.000] decision=accept reason=0
GNSS_NIS_DECISION t_ms=4293 n_meas=2 NIS_used=11.987486 thr=9.210000 innov=[-0.872,8.296,0.000,0.000,0.000] contrib=[-0.277,12.264,0.000,0.000,0.000] S_diag=[49.608,8.027,0.000,0.000,0.000] decision=reject reason=1
GNSS_NIS_AUDIT_COMPARE t_s=4.301356 gnss_nis_gate=0.096393 gnss_nis_pos3d=0.054261 thr=15.086000 contrib=[0.000,0.096,0.000,-0.277,12.264] accepted=1 reject_reason=0
GNSS_NIS_DECISION t_ms=5291 n_meas=3 NIS_used=0.442447 thr=1000000.000000 innov=[0.961,30.948,10.639,0.000,0.000] contrib=[0.001,0.395,0.047,0.000,0.000] S_diag=[2593.277,2426.127,2412.664,0.000,0.000] decision=accept reason=0
GNSS_NIS_DECISION t_ms=5291 n_meas=2 NIS_used=4.746821 thr=9.210000 innov=[1.968,7.843,0.000,0.000,0.000] contrib=[0.279,4.468,0.000,0.000,0.000] S_diag=[162.119,22.930,0.000,0.000,0.000] decision=accept reason=0
GNSS_NIS_AUDIT_COMPARE t_s=5.301356 gnss_nis_gate=0.442447 gnss_nis_pos3d=0.242456 thr=15.086000 contrib=[0.001,0.395,0.047,0.279,4.468] accepted=1 reject_reason=0
GNSS_NIS_DECISION t_ms=6299 n_meas=3 NIS_used=0.357210 thr=1000000.000000 innov=[3.694,20.641,11.925,0.000,0.000] contrib=[0.008,0.262,0.087,0.000,0.000] S_diag=[1628.245,1626.896,1636.759,0.000,0.000] decision=accept reason=0
GNSS_NIS_DECISION t_ms=6299 n_meas=2 NIS_used=4.158731 thr=9.210000 innov=[2.443,-5.714,0.000,0.000,0.000] contrib=[0.566,3.593,0.000,0.000,0.000] S_diag=[9.361,8.926,0.000,0.000,0.000] decision=accept reason=0
GNSS_NIS_AUDIT_COMPARE t_s=6.301356 gnss_nis_gate=0.357210 gnss_nis_pos3d=0.240986 thr=15.086000 contrib=[0.008,0.262,0.087,0.566,3.593] accepted=1 reject_reason=0
GNSS_NIS_DECISION t_ms=7298 n_meas=3 NIS_used=0.570701 thr=1000000.000000 innov=[0.549,22.328,14.287,0.000,0.000] contrib=[0.000,0.407,0.163,0.000,0.000] S_diag=[1224.357,1224.263,1253.033,0.000,0.000] decision=accept reason=0
GNSS_NIS_DECISION t_ms=7298 n_meas=2 NIS_used=4.857827 thr=9.210000 innov=[-5.400,-2.677,0.000,0.000,0.000] contrib=[4.082,0.776,0.000,0.000,0.000] S_diag=[7.470,11.449,0.000,0.000,0.000] decision=accept reason=0
GNSS_NIS_AUDIT_COMPARE t_s=7.301355 gnss_nis_gate=0.570701 gnss_nis_pos3d=0.429800 thr=15.086000 contrib=[0.000,0.407,0.163,4.082,0.776] accepted=1 reject_reason=0
GNSS_NIS_DECISION t_ms=8296 n_meas=3 NIS_used=1.816801 thr=1000000.000000 innov=[0.172,23.637,14.446,0.000,0.000] contrib=[0.000,1.373,0.444,0.000,0.000] S_diag=[407.388,407.239,471.134,0.000,0.000] decision=accept reason=0
GNSS_NIS_DECISION t_ms=8296 n_meas=2 NIS_used=4.495148 thr=9.210000 innov=[-6.061,0.755,0.000,0.000,0.000] contrib=[4.403,0.092,0.000,0.000,0.000] S_diag=[8.477,11.080,0.000,0.000,0.000] decision=accept reason=0
GNSS_NIS_AUDIT_COMPARE t_s=8.301355 gnss_nis_gate=1.816801 gnss_nis_pos3d=0.617832 thr=15.086000 contrib=[0.000,1.373,0.444,4.403,0.092] accepted=1 reject_reason=0
GNSS_NIS_DECISION t_ms=9294 n_meas=3 NIS_used=1.804338 thr=1000000.000000 innov=[0.190,24.623,8.428,0.000,0.000] contrib=[0.000,1.653,0.151,0.000,0.000] S_diag=[367.070,366.505,466.330,0.000,0.000] decision=accept reason=0
GNSS_NIS_DECISION t_ms=9294 n_meas=2 NIS_used=1.756351 thr=9.210000 innov=[-2.349,3.103,0.000,0.000,0.000] contrib=[0.571,1.186,0.000,0.000,0.000] S_diag=[9.199,7.930,0.000,0.000,0.000] decision=accept reason=0
GNSS_NIS_AUDIT_COMPARE t_s=9.301355 gnss_nis_gate=1.804338 gnss_nis_pos3d=1.622675 thr=15.086000 contrib=[0.000,1.653,0.151,0.571,1.186] accepted=1 reject_reason=0
[t=  10.0 s] rows=1000 imu=993 gps=7 drift=18.50 m
GNSS_NIS_DECISION t_ms=10293 n_meas=3 NIS_used=2.746066 thr=1000000.000000 innov=[0.883,23.414,1.601,0.000,0.000] contrib=[0.004,2.735,0.007,0.000,0.000] S_diag=[200.699,200.427,323.180,0.000,0.000] decision=accept reason=0
GNSS_NIS_DECISION t_ms=10293 n_meas=2 NIS_used=0.023978 thr=9.210000 innov=[0.385,0.063,0.000,0.000,0.000] contrib=[0.023,0.001,0.000,0.000,0.000] S_diag=[6.467,6.719,0.000,0.000,0.000] decision=accept reason=0
GNSS_NIS_AUDIT_COMPARE t_s=10.301355 gnss_nis_gate=2.746066 gnss_nis_pos3d=1.497480 thr=15.086000 contrib=[0.004,2.735,0.007,0.023,0.001] accepted=1 reject_reason=0
GNSS_NIS_DECISION t_ms=11291 n_meas=3 NIS_used=2.214543 thr=1000000.000000 innov=[0.212,20.713,-1.200,0.000,0.000] contrib=[0.000,2.209,0.005,0.000,0.000] S_diag=[194.430,194.267,298.152,0.000,0.000] decision=accept reason=0
GNSS_NIS_DECISION t_ms=11291 n_meas=2 NIS_used=1.206419 thr=9.210000 innov=[-0.892,-2.337,0.000,0.000,0.000] contrib=[0.180,1.026,0.000,0.000,0.000] S_diag=[6.277,5.717,0.000,0.000,0.000] decision=accept reason=0
GNSS_NIS_AUDIT_COMPARE t_s=11.301354 gnss_nis_gate=2.214543 gnss_nis_pos3d=2.141236 thr=15.086000 contrib=[0.000,2.209,0.005,0.180,1.026] accepted=1 reject_reason=0
GNSS_NIS_DECISION t_ms=12299 n_meas=3 NIS_used=2.456926 thr=1000000.000000 innov=[-1.943,21.536,-1.076,0.000,0.000] contrib=[0.019,2.433,0.004,0.000,0.000] S_diag=[190.568,190.598,280.505,0.000,0.000] decision=accept reason=0
GNSS_NIS_DECISION t_ms=12299 n_meas=2 NIS_used=2.671834 thr=9.210000 innov=[-3.602,-0.528,0.000,0.000,0.000] contrib=[2.538,0.134,0.000,0.000,0.000] S_diag=[5.695,6.562,0.000,0.000,0.000] decision=accept reason=0
GNSS_NIS_AUDIT_COMPARE t_s=12.301354 gnss_nis_gate=2.456926 gnss_nis_pos3d=2.401832 thr=15.086000 contrib=[0.019,2.433,0.004,2.538,0.134] accepted=1 reject_reason=0
GNSS_NIS_DECISION t_ms=13298 n_meas=3 NIS_used=2.133549 thr=1000000.000000 innov=[-1.070,17.598,-1.340,0.000,0.000] contrib=[0.007,2.119,0.008,0.000,0.000] S_diag=[146.176,146.125,227.329,0.000,0.000] decision=accept reason=0
GNSS_NIS_DECISION t_ms=13298 n_meas=2 NIS_used=6.113215 thr=9.210000 innov=[-2.607,-4.462,0.000,0.000,0.000] contrib=[2.032,4.081,0.000,0.000,0.000] S_diag=[5.303,6.298,0.000,0.000,0.000] decision=accept reason=0
GNSS_NIS_AUDIT_COMPARE t_s=13.301354 gnss_nis_gate=2.133549 gnss_nis_pos3d=1.634228 thr=15.086000 contrib=[0.007,2.119,0.008,2.032,4.081] accepted=1 reject_reason=0
GNSS_NIS_DECISION t_ms=14296 n_meas=3 NIS_used=2.172491 thr=1000000.000000 innov=[-2.011,15.142,-0.821,0.000,0.000] contrib=[0.037,2.132,0.003,0.000,0.000] S_diag=[107.214,107.465,172.656,0.000,0.000] decision=accept reason=0
GNSS_NIS_DECISION t_ms=14296 n_meas=2 NIS_used=10.278277 thr=9.210000 innov=[-4.369,-4.806,0.000,0.000,0.000] contrib=[5.587,4.692,0.000,0.000,0.000] S_diag=[4.040,5.993,0.000,0.000,0.000] decision=reject reason=1
GNSS_NIS_AUDIT_COMPARE t_s=14.301354 gnss_nis_gate=2.172491 gnss_nis_pos3d=1.603635 thr=15.086000 contrib=[0.037,2.132,0.003,5.587,4.692] accepted=1 reject_reason=0
GNSS_NIS_DECISION t_ms=15294 n_meas=3 NIS_used=1.017053 thr=1000000.000000 innov=[-6.525,6.435,1.484,0.000,0.000] contrib=[0.522,0.474,0.021,0.000,0.000] S_diag=[79.357,85.758,122.529,0.000,0.000] decision=accept reason=0
GNSS_NIS_DECISION t_ms=15294 n_meas=2 NIS_used=19.223145 thr=9.210000 innov=[-6.878,-8.137,0.000,0.000,0.000] contrib=[11.826,7.398,0.000,0.000,0.000] S_diag=[4.349,10.198,0.000,0.000,0.000] decision=reject reason=1
GNSS_NIS_AUDIT_COMPARE t_s=15.301354 gnss_nis_gate=1.017053 gnss_nis_pos3d=0.742803 thr=15.086000 contrib=[0.522,0.474,0.021,11.826,7.398] accepted=1 reject_reason=0
GNSS_NIS_AUDIT_COMPARE t_s=16.301353 gnss_nis_gate=3.273277 gnss_nis_pos3d=2.338028 thr=15.086000 contrib=[2.843,0.312,0.118,15.165,6.001] accepted=1 reject_reason=0
GNSS_NIS_AUDIT_COMPARE t_s=17.301353 gnss_nis_gate=6.951382 gnss_nis_pos3d=6.238802 thr=15.086000 contrib=[5.302,1.587,0.062,9.622,3.176] accepted=1 reject_reason=0
GNSS_NIS_AUDIT_COMPARE t_s=18.301353 gnss_nis_gate=6.784174 gnss_nis_pos3d=6.784174 thr=15.086000 contrib=[5.247,1.535,0.002,11.069,4.710] accepted=1 reject_reason=0
GNSS_NIS_AUDIT_COMPARE t_s=19.301353 gnss_nis_gate=7.565567 gnss_nis_pos3d=7.565567 thr=15.086000 contrib=[6.460,1.128,-0.022,19.183,-0.074] accepted=1 reject_reason=0
[t=  20.1 s] rows=2000 imu=1983 gps=17 drift=28.03 m
GNSS_NIS_AUDIT_COMPARE t_s=20.301353 gnss_nis_gate=8.001579 gnss_nis_pos3d=8.001579 thr=15.086000 contrib=[8.007,-0.035,0.030,19.692,10.359] accepted=1 reject_reason=0
GNSS_NIS_AUDIT_COMPARE t_s=21.301353 gnss_nis_gate=10.646936 gnss_nis_pos3d=10.646936 thr=15.086000 contrib=[7.390,3.258,-0.000,9.661,67.203] accepted=1 reject_reason=0
GNSS_NIS_AUDIT_COMPARE t_s=22.301352 gnss_nis_gate=24.319115 gnss_nis_pos3d=24.319118 thr=15.086000 contrib=[3.926,18.268,2.126,-0.039,159.880] accepted=1 reject_reason=0
GNSS_NIS_AUDIT_COMPARE t_s=23.301352 gnss_nis_gate=61.141788 gnss_nis_pos3d=61.141792 thr=15.086000 contrib=[0.456,46.293,14.393,17.405,225.214] accepted=1 reject_reason=0
GNSS_NIS_AUDIT_COMPARE t_s=24.301352 gnss_nis_gate=129.611313 gnss_nis_pos3d=129.611328 thr=15.086000 contrib=[1.434,83.452,44.725,87.774,224.500] accepted=1 reject_reason=0
GNSS_NIS_AUDIT_COMPARE t_s=25.301352 gnss_nis_gate=0.000000 gnss_nis_pos3d=227.685547 thr=15.086000 contrib=[1.434,83.452,44.725,1.434,83.452] accepted=0 reject_reason=3
GNSS_NIS_AUDIT_COMPARE t_s=26.301352 gnss_nis_gate=0.000000 gnss_nis_pos3d=512.340210 thr=15.086000 contrib=[1.434,83.452,44.725,1.434,83.452] accepted=0 reject_reason=3
GNSS_NIS_AUDIT_COMPARE t_s=27.301352 gnss_nis_gate=860.330322 gnss_nis_pos3d=860.330322 thr=15.086000 contrib=[190.762,206.707,462.861,375.666,1.637] accepted=1 reject_reason=0
GNSS_NIS_AUDIT_COMPARE t_s=28.301352 gnss_nis_gate=467.865601 gnss_nis_pos3d=467.865662 thr=15.086000 contrib=[174.197,59.912,233.757,259.970,9.568] accepted=1 reject_reason=0
[t=  30.1 s] rows=3000 imu=2973 gps=27 drift=51.51 m
[t=  40.1 s] rows=4000 imu=3963 gps=37 drift=101.94 m
[t=  50.1 s] rows=5000 imu=4953 gps=47 drift=170.40 m
[t=  60.1 s] rows=6000 imu=5943 gps=57 drift=47.72 m
[t=  70.1 s] rows=7000 imu=6933 gps=67 drift=33.20 m
[t=  80.1 s] rows=8000 imu=7923 gps=77 drift=17.18 m
[t=  90.1 s] rows=9000 imu=8913 gps=87 drift=12.03 m
[t= 100.1 s] rows=10000 imu=9903 gps=97 drift=30.54 m
[t= 110.1 s] rows=11000 imu=10893 gps=107 drift=19.15 m
[t= 120.1 s] rows=12000 imu=11883 gps=117 drift=13.11 m
[t= 130.1 s] rows=13000 imu=12873 gps=127 drift=26.16 m
[t= 140.1 s] rows=14000 imu=13863 gps=137 drift=12.73 m
[t= 150.1 s] rows=15000 imu=14853 gps=147 drift=15.60 m
[t= 160.2 s] rows=16000 imu=15843 gps=157 drift=27.79 m
[t= 170.2 s] rows=17000 imu=16833 gps=167 drift=31.70 m
[t= 180.2 s] rows=18000 imu=17823 gps=177 drift=11.78 m
[t= 190.2 s] rows=19000 imu=18813 gps=187 drift=58.93 m
[t= 200.2 s] rows=20000 imu=19803 gps=197 drift=66.50 m
[t= 210.2 s] rows=21000 imu=20793 gps=207 drift=30.63 m
[t= 220.2 s] rows=22000 imu=21783 gps=217 drift=232.08 m
[t= 230.2 s] rows=23000 imu=22773 gps=227 drift=172.07 m
[t= 240.2 s] rows=24000 imu=23763 gps=237 drift=17.43 m
[t= 250.3 s] rows=25000 imu=24752 gps=248 drift=18.22 m
[t= 260.3 s] rows=26000 imu=25743 gps=257 drift=22.16 m
[t= 270.3 s] rows=27000 imu=26732 gps=268 drift=8.72 m
[t= 280.4 s] rows=28000 imu=27722 gps=278 drift=16.64 m
[t= 290.4 s] rows=29000 imu=28712 gps=288 drift=25.45 m
[t= 300.4 s] rows=30000 imu=29702 gps=298 drift=29.48 m
[t= 310.4 s] rows=31000 imu=30692 gps=308 drift=3.81 m
[t= 320.4 s] rows=32000 imu=31682 gps=318 drift=20.15 m
[t= 330.4 s] rows=33000 imu=32672 gps=328 drift=7.43 m
[t= 340.4 s] rows=34000 imu=33662 gps=338 drift=8.95 m
[t= 350.4 s] rows=35000 imu=34652 gps=348 drift=26.58 m
[t= 360.4 s] rows=36000 imu=35642 gps=358 drift=14.24 m
[t= 370.4 s] rows=37000 imu=36632 gps=368 drift=5.43 m
[t= 380.5 s] rows=38000 imu=37622 gps=378 drift=9.32 m
[t= 390.5 s] rows=39000 imu=38612 gps=388 drift=81.46 m
[t= 400.5 s] rows=40000 imu=39602 gps=398 drift=158.11 m
[t= 410.5 s] rows=41000 imu=40592 gps=408 drift=135.48 m
[t= 420.5 s] rows=42000 imu=41582 gps=418 drift=13.95 m
[t= 430.5 s] rows=43000 imu=42572 gps=428 drift=24.63 m
[t= 440.5 s] rows=44000 imu=43562 gps=438 drift=12.01 m
[t= 450.6 s] rows=45000 imu=44552 gps=448 drift=23.39 m
[t= 460.6 s] rows=46000 imu=45542 gps=458 drift=15.08 m
[t= 470.6 s] rows=47000 imu=46532 gps=468 drift=11.64 m
[t= 480.6 s] rows=48000 imu=47522 gps=478 drift=9.93 m
[t= 490.6 s] rows=49000 imu=48512 gps=488 drift=27.44 m
[t= 500.6 s] rows=50000 imu=49502 gps=498 drift=17.55 m
[t= 510.6 s] rows=51000 imu=50492 gps=508 drift=10.60 m
[t= 520.6 s] rows=52000 imu=51482 gps=518 drift=9.94 m
[t= 530.6 s] rows=53000 imu=52472 gps=528 drift=9.55 m
[t= 540.7 s] rows=54000 imu=53462 gps=538 drift=10.26 m
[t= 550.7 s] rows=55000 imu=54452 gps=548 drift=14.30 m
[t= 560.6 s] rows=56000 imu=55441 gps=559 drift=15.49 m
[t= 570.7 s] rows=57000 imu=56430 gps=570 drift=37.44 m
[t= 580.7 s] rows=58000 imu=57420 gps=580 drift=146.86 m
[t= 590.7 s] rows=59000 imu=58410 gps=590 drift=407.85 m
[t= 600.7 s] rows=60000 imu=59400 gps=600 drift=524.20 m
[t= 610.8 s] rows=61000 imu=60390 gps=610 drift=230.13 m
[t= 620.8 s] rows=62000 imu=61380 gps=620 drift=122.97 m
[t= 630.9 s] rows=63000 imu=62370 gps=630 drift=152.87 m
[t= 640.9 s] rows=64000 imu=63359 gps=641 drift=36.40 m
[t= 650.9 s] rows=65000 imu=64348 gps=652 drift=45.09 m
[t= 660.9 s] rows=66000 imu=65336 gps=664 drift=24.35 m
[t= 670.9 s] rows=67000 imu=66325 gps=675 drift=9.85 m
----------------------------------------------------------------
 REAL_RUN_REPLAY resumen
  Filas procesadas: 67620 (IMU=66939, GPS=681)
  Duracion:         677.12 s
  Filtro activo:    si
  GNSS aceptadas:   598 | rechazadas: 83 (87.8% aceptadas)
  Ultimo GPS NED:   (4043.537, 7609.508, -3.683) m
  Deriva final H:   13.852 m
  Estado final NED: (4048.363, 7622.492, -127.018) m
----------------------------------------------------------------
