REAL_RUN_REPLAY: ekf_core=v2 v2_polish=off
REAL_RUN_REPLAY: filtro=InsEkf15State_v2
REAL_RUN_REPLAY: entrada=C:\NaviCore-3D\docs\benchmarks\real_run_20260717_replay.csv
REAL_RUN_REPLAY: salida=C:\NaviCore-3D\docs\benchmarks\ekf_v2_ab_3routes\JUL17_20260717\v2\replay_output.csv
REAL_RUN_REPLAY: montaje=calibration:C:\NaviCore-3D\calibration\imu_mount.json
REAL_RUN_REPLAY: yaw_init=H0_zero_yaw
REAL_RUN_REPLAY: H9a gravity tilt init (min_samples=50 window=2.0 s)
REAL_RUN_REPLAY: constraint_policy=disabled nhc_policy=disabled nhc_every_n=1 static_end=30.0s gps_thresh=0.10 m/s
REAL_RUN_REPLAY: NHC_sigma lateral=0.500 vertical=1.000 m/s
REAL_RUN_REPLAY: gap3_gnss_nis_audit=C:\NaviCore-3D\docs\benchmarks\ekf_v2_ab_3routes\JUL17_20260717\v2\gnss_nis_audit.csv
REAL_RUN_REPLAY: gnss_obs_mode=pos_vel | sigma_vel=1.50 m/s | p_pv_policy=none
REAL_RUN_REPLAY: H8 geodesy validation omitida (Location.csv no disponible)
REAL_RUN_REPLAY: inicializado @ t=0.070 s | ref NED=(0.000, 0.000, -0.000) m
GNSS_NIS_DECISION t_ms=0 n_meas=3 NIS_used=0.000000 thr=1000000.000000 innov=[0.000,0.000,0.000,0.000,0.000] contrib=[0.000,0.000,0.000,0.000,0.000] S_diag=[10004.000,10004.000,10009.000,0.000,0.000] decision=accept reason=0
REAL_RUN_REPLAY: H9a gravity tilt init @ t=0.565 s | samples=50 | mean_a_body=(-0.665, -4.149, 8.887) | mean_w_body=(0.06851, -0.01171, -0.03589) | roll=-25.03 pitch=3.88 deg
GNSS_NIS_DECISION t_ms=7044 n_meas=3 NIS_used=0.098747 thr=1000000.000000 innov=[36.281,-5.321,5.224,0.000,0.000] contrib=[0.094,0.002,0.003,0.000,0.000] S_diag=[14050.478,12055.605,9953.039,0.000,0.000] decision=accept reason=0
GNSS_NIS_DECISION t_ms=7044 n_meas=2 NIS_used=0.662736 thr=9.210000 innov=[-7.141,-13.209,0.000,0.000,0.000] contrib=[0.141,0.522,0.000,0.000,0.000] S_diag=[395.171,342.778,0.000,0.000,0.000] decision=accept reason=0
GNSS_NIS_AUDIT_COMPARE t_s=7.052161 gnss_nis_gate=0.098747 gnss_nis_pos3d=0.096531 thr=15.086000 contrib=[0.094,0.002,0.003,0.141,0.522] accepted=1 reject_reason=0
[t=  10.1 s] rows=1000 imu=998 gps=2 drift=46.20 m
GNSS_NIS_DECISION t_ms=12056 n_meas=3 NIS_used=0.252260 thr=1000000.000000 innov=[45.124,30.645,-9.507,0.000,0.000] contrib=[0.166,0.080,0.007,0.000,0.000] S_diag=[12256.426,11785.096,12412.609,0.000,0.000] decision=accept reason=0
GNSS_NIS_DECISION t_ms=12056 n_meas=2 NIS_used=0.066822 thr=9.210000 innov=[-4.961,-0.671,0.000,0.000,0.000] contrib=[0.062,0.005,0.000,0.000,0.000] S_diag=[412.871,132.982,0.000,0.000,0.000] decision=accept reason=0
GNSS_NIS_AUDIT_COMPARE t_s=12.061161 gnss_nis_gate=0.252260 gnss_nis_pos3d=0.288763 thr=15.086000 contrib=[0.166,0.080,0.007,0.062,0.005] accepted=1 reject_reason=0
GNSS_NIS_DECISION t_ms=18985 n_meas=3 NIS_used=0.167158 thr=1000000.000000 innov=[28.474,11.069,-16.497,0.000,0.000] contrib=[0.125,0.020,0.022,0.000,0.000] S_diag=[6510.482,6002.238,11730.483,0.000,0.000] decision=accept reason=0
GNSS_NIS_DECISION t_ms=18985 n_meas=2 NIS_used=0.876965 thr=9.210000 innov=[-5.511,-5.300,0.000,0.000,0.000] contrib=[0.343,0.534,0.000,0.000,0.000] S_diag=[94.857,55.085,0.000,0.000,0.000] decision=accept reason=0
GNSS_NIS_AUDIT_COMPARE t_s=18.988161 gnss_nis_gate=0.167158 gnss_nis_pos3d=0.090659 thr=15.086000 contrib=[0.125,0.020,0.022,0.343,0.534] accepted=1 reject_reason=0
[t=  20.1 s] rows=2000 imu=1996 gps=4 drift=44.04 m
GNSS_NIS_DECISION t_ms=24945 n_meas=3 NIS_used=0.233290 thr=1000000.000000 innov=[37.035,10.849,-6.860,0.000,0.000] contrib=[0.212,0.018,0.003,0.000,0.000] S_diag=[6474.867,6518.583,14900.188,0.000,0.000] decision=accept reason=0
GNSS_NIS_DECISION t_ms=24945 n_meas=2 NIS_used=0.649406 thr=9.210000 innov=[0.259,-4.138,0.000,0.000,0.000] contrib=[-0.004,0.653,0.000,0.000,0.000] S_diag=[18.917,26.504,0.000,0.000,0.000] decision=accept reason=0
GNSS_NIS_AUDIT_COMPARE t_s=24.950161 gnss_nis_gate=0.233290 gnss_nis_pos3d=0.261734 thr=15.086000 contrib=[0.212,0.018,0.003,-0.004,0.653] accepted=1 reject_reason=0
GNSS_NIS_DECISION t_ms=29957 n_meas=3 NIS_used=0.139495 thr=1000000.000000 innov=[23.660,22.945,1.810,0.000,0.000] contrib=[0.071,0.068,0.000,0.000,0.000] S_diag=[7811.961,7675.879,14876.756,0.000,0.000] decision=accept reason=0
GNSS_NIS_DECISION t_ms=29957 n_meas=2 NIS_used=0.728111 thr=9.210000 innov=[-3.845,1.512,0.000,0.000,0.000] contrib=[0.486,0.242,0.000,0.000,0.000] S_diag=[43.601,17.689,0.000,0.000,0.000] decision=accept reason=0
GNSS_NIS_AUDIT_COMPARE t_s=29.963161 gnss_nis_gate=0.139495 gnss_nis_pos3d=0.165423 thr=15.086000 contrib=[0.071,0.068,0.000,0.486,0.242] accepted=1 reject_reason=0
[t=  30.2 s] rows=3000 imu=2994 gps=6 drift=36.27 m
GNSS_NIS_DECISION t_ms=36936 n_meas=3 NIS_used=0.893826 thr=1000000.000000 innov=[51.740,0.970,14.521,0.000,0.000] contrib=[0.877,-0.002,0.019,0.000,0.000] S_diag=[3136.580,3950.683,11150.001,0.000,0.000] decision=accept reason=0
GNSS_NIS_DECISION t_ms=36936 n_meas=2 NIS_used=3.613768 thr=9.210000 innov=[5.928,-4.443,0.000,0.000,0.000] contrib=[3.276,0.338,0.000,0.000,0.000] S_diag=[11.085,77.397,0.000,0.000,0.000] decision=accept reason=0
GNSS_NIS_AUDIT_COMPARE t_s=36.941162 gnss_nis_gate=0.893826 gnss_nis_pos3d=0.341715 thr=15.086000 contrib=[0.877,-0.002,0.019,3.276,0.338] accepted=1 reject_reason=0
[t=  40.3 s] rows=4000 imu=3993 gps=7 drift=23.94 m
GNSS_NIS_DECISION t_ms=41091 n_meas=3 NIS_used=0.428005 thr=1000000.000000 innov=[21.797,13.290,10.684,0.000,0.000] contrib=[0.290,0.110,0.028,0.000,0.000] S_diag=[1642.164,1612.703,3974.225,0.000,0.000] decision=accept reason=0
GNSS_NIS_AUDIT_COMPARE t_s=41.100163 gnss_nis_gate=0.428005 gnss_nis_pos3d=0.267451 thr=15.086000 contrib=[0.290,0.110,0.028,0.000,0.000] accepted=1 reject_reason=0
GNSS_NIS_DECISION t_ms=47949 n_meas=3 NIS_used=1.457395 thr=1000000.000000 innov=[12.067,50.342,16.084,0.000,0.000] contrib=[0.056,1.301,0.100,0.000,0.000] S_diag=[2947.615,1950.218,2187.556,0.000,0.000] decision=accept reason=0
GNSS_NIS_AUDIT_COMPARE t_s=47.954163 gnss_nis_gate=1.457395 gnss_nis_pos3d=1.086864 thr=15.086000 contrib=[0.056,1.301,0.100,0.000,0.000] accepted=1 reject_reason=0
[t=  50.3 s] rows=5000 imu=4991 gps=9 drift=23.46 m
GNSS_NIS_DECISION t_ms=53234 n_meas=3 NIS_used=0.023347 thr=1000000.000000 innov=[-11.349,22.410,11.517,0.000,0.000] contrib=[0.004,0.015,0.004,0.000,0.000] S_diag=[33296.281,32894.516,31667.355,0.000,0.000] decision=accept reason=0
GNSS_NIS_AUDIT_COMPARE t_s=53.243469 gnss_nis_gate=0.023347 gnss_nis_pos3d=0.374287 thr=15.086000 contrib=[0.004,0.015,0.004,0.000,0.000] accepted=1 reject_reason=0
GNSS_NIS_DECISION t_ms=54010 n_meas=3 NIS_used=0.024271 thr=1000000.000000 innov=[-16.281,23.491,-3.094,0.000,0.000] contrib=[0.008,0.016,0.000,0.000,0.000] S_diag=[34462.441,34042.207,32527.062,0.000,0.000] decision=accept reason=0
GNSS_NIS_AUDIT_COMPARE t_s=54.014160 gnss_nis_gate=0.024271 gnss_nis_pos3d=0.024870 thr=15.086000 contrib=[0.008,0.016,0.000,0.000,0.000] accepted=1 reject_reason=0
GNSS_NIS_DECISION t_ms=54242 n_meas=3 NIS_used=0.114924 thr=1000000.000000 innov=[-15.961,20.831,-2.476,0.000,0.000] contrib=[0.041,0.073,0.001,0.000,0.000] S_diag=[6416.110,6035.758,4529.341,0.000,0.000] decision=accept reason=0
GNSS_NIS_DECISION t_ms=54242 n_meas=2 NIS_used=0.932813 thr=9.210000 innov=[-5.682,0.004,0.000,0.000,0.000] contrib=[0.933,0.000,0.000,0.000,0.000] S_diag=[34.759,35.148,0.000,0.000,0.000] decision=accept reason=0
GNSS_NIS_AUDIT_COMPARE t_s=54.243469 gnss_nis_gate=0.114924 gnss_nis_pos3d=0.020404 thr=15.086000 contrib=[0.041,0.073,0.001,0.933,0.000] accepted=1 reject_reason=0
GNSS_NIS_DECISION t_ms=55241 n_meas=3 NIS_used=0.249939 thr=1000000.000000 innov=[22.012,12.403,0.875,0.000,0.000] contrib=[0.189,0.061,0.000,0.000,0.000] S_diag=[2574.231,2570.537,2852.506,0.000,0.000] decision=accept reason=0
GNSS_NIS_DECISION t_ms=55241 n_meas=2 NIS_used=0.650489 thr=9.210000 innov=[0.421,1.697,0.000,0.000,0.000] contrib=[0.037,0.614,0.000,0.000,0.000] S_diag=[4.607,4.684,0.000,0.000,0.000] decision=accept reason=0
GNSS_NIS_AUDIT_COMPARE t_s=55.243469 gnss_nis_gate=0.249939 gnss_nis_pos3d=0.152568 thr=15.086000 contrib=[0.189,0.061,0.000,0.037,0.614] accepted=1 reject_reason=0
GNSS_NIS_DECISION t_ms=56239 n_meas=3 NIS_used=0.181006 thr=1000000.000000 innov=[16.296,6.878,3.163,0.000,0.000] contrib=[0.149,0.027,0.005,0.000,0.000] S_diag=[1787.261,1786.944,2048.065,0.000,0.000] decision=accept reason=0
GNSS_NIS_DECISION t_ms=56239 n_meas=2 NIS_used=0.034009 thr=9.210000 innov=[0.325,0.192,0.000,0.000,0.000] contrib=[0.026,0.008,0.000,0.000,0.000] S_diag=[3.924,3.894,0.000,0.000,0.000] decision=accept reason=0
GNSS_NIS_AUDIT_COMPARE t_s=56.243469 gnss_nis_gate=0.181006 gnss_nis_pos3d=0.129475 thr=15.086000 contrib=[0.149,0.027,0.005,0.026,0.008] accepted=1 reject_reason=0
GNSS_NIS_DECISION t_ms=57237 n_meas=3 NIS_used=0.139745 thr=1000000.000000 innov=[11.928,4.967,4.879,0.000,0.000] contrib=[0.106,0.019,0.015,0.000,0.000] S_diag=[1349.084,1349.636,1554.207,0.000,0.000] decision=accept reason=0
GNSS_NIS_DECISION t_ms=57237 n_meas=2 NIS_used=0.502451 thr=9.210000 innov=[0.198,-1.285,0.000,0.000,0.000] contrib=[0.017,0.486,0.000,0.000,0.000] S_diag=[4.851,3.521,0.000,0.000,0.000] decision=accept reason=0
GNSS_NIS_AUDIT_COMPARE t_s=57.243473 gnss_nis_gate=0.139745 gnss_nis_pos3d=0.108898 thr=15.086000 contrib=[0.106,0.019,0.015,0.017,0.486] accepted=1 reject_reason=0
GNSS_NIS_AUDIT_COMPARE t_s=59.139473 gnss_nis_gate=0.099624 gnss_nis_pos3d=0.083340 thr=15.086000 contrib=[0.044,0.001,0.055,0.000,0.000] accepted=1 reject_reason=0
GNSS_NIS_AUDIT_COMPARE t_s=60.098160 gnss_nis_gate=0.589515 gnss_nis_pos3d=0.539859 thr=15.086000 contrib=[0.016,0.011,0.563,0.000,0.000] accepted=1 reject_reason=0
GNSS_NIS_AUDIT_COMPARE t_s=60.139473 gnss_nis_gate=0.688983 gnss_nis_pos3d=0.607898 thr=15.086000 contrib=[0.220,0.107,0.362,0.000,0.000] accepted=1 reject_reason=0
[t=  60.3 s] rows=6000 imu=5982 gps=18 drift=13.59 m
GNSS_NIS_AUDIT_COMPARE t_s=61.139477 gnss_nis_gate=0.603476 gnss_nis_pos3d=0.501460 thr=15.086000 contrib=[0.134,0.128,0.342,0.299,0.434] accepted=1 reject_reason=0
GNSS_NIS_AUDIT_COMPARE t_s=62.139477 gnss_nis_gate=0.485206 gnss_nis_pos3d=0.440177 thr=15.086000 contrib=[0.139,0.063,0.283,0.505,0.044] accepted=1 reject_reason=0
GNSS_NIS_AUDIT_COMPARE t_s=63.139477 gnss_nis_gate=0.392941 gnss_nis_pos3d=0.376975 thr=15.086000 contrib=[0.120,0.030,0.243,0.653,0.543] accepted=1 reject_reason=0
GNSS_NIS_AUDIT_COMPARE t_s=64.139481 gnss_nis_gate=0.313751 gnss_nis_pos3d=0.309730 thr=15.086000 contrib=[0.072,0.022,0.220,0.627,0.117] accepted=1 reject_reason=0
GNSS_NIS_AUDIT_COMPARE t_s=65.139481 gnss_nis_gate=0.471160 gnss_nis_pos3d=0.262883 thr=15.086000 contrib=[0.079,0.032,0.361,0.512,0.032] accepted=1 reject_reason=0
GNSS_NIS_AUDIT_COMPARE t_s=66.107162 gnss_nis_gate=0.177675 gnss_nis_pos3d=0.325663 thr=15.086000 contrib=[0.025,0.017,0.136,0.000,0.000] accepted=1 reject_reason=0
GNSS_NIS_AUDIT_COMPARE t_s=66.139481 gnss_nis_gate=0.136636 gnss_nis_pos3d=0.134529 thr=15.086000 contrib=[0.020,0.014,0.103,0.001,0.183] accepted=1 reject_reason=0
GNSS_NIS_AUDIT_COMPARE t_s=67.139481 gnss_nis_gate=0.141320 gnss_nis_pos3d=0.141320 thr=15.086000 contrib=[0.014,0.013,0.114,0.024,0.107] accepted=1 reject_reason=0
[t=  70.3 s] rows=7000 imu=6971 gps=29 drift=3.46 m
[t=  80.3 s] rows=8000 imu=7959 gps=41 drift=1.71 m
[t=  90.3 s] rows=9000 imu=8949 gps=51 drift=11.03 m
[t= 100.3 s] rows=10000 imu=9939 gps=61 drift=3.65 m
[t= 110.2 s] rows=11000 imu=10928 gps=72 drift=7.39 m
[t= 120.2 s] rows=12000 imu=11917 gps=83 drift=58.26 m
[t= 130.2 s] rows=13000 imu=12906 gps=94 drift=10.57 m
[t= 140.2 s] rows=14000 imu=13895 gps=105 drift=42.67 m
[t= 150.3 s] rows=15000 imu=14888 gps=112 drift=33.00 m
[t= 160.3 s] rows=16000 imu=15878 gps=122 drift=12.47 m
[t= 170.2 s] rows=17000 imu=16867 gps=133 drift=19.15 m
[t= 180.2 s] rows=18000 imu=17857 gps=143 drift=8.54 m
[t= 190.2 s] rows=19000 imu=18847 gps=153 drift=18.56 m
[t= 200.2 s] rows=20000 imu=19837 gps=163 drift=29.67 m
[t= 210.2 s] rows=21000 imu=20827 gps=173 drift=27.75 m
[t= 220.1 s] rows=22000 imu=21815 gps=185 drift=43.08 m
[t= 230.1 s] rows=23000 imu=22806 gps=194 drift=49.07 m
[t= 240.1 s] rows=24000 imu=23796 gps=204 drift=16.03 m
[t= 250.1 s] rows=25000 imu=24786 gps=214 drift=16.02 m
[t= 260.1 s] rows=26000 imu=25776 gps=224 drift=30.52 m
[t= 270.1 s] rows=27000 imu=26765 gps=235 drift=62.32 m
[t= 280.1 s] rows=28000 imu=27754 gps=246 drift=22.19 m
[t= 290.0 s] rows=29000 imu=28744 gps=256 drift=24.85 m
[t= 300.0 s] rows=30000 imu=29734 gps=266 drift=10.56 m
[t= 310.0 s] rows=31000 imu=30724 gps=276 drift=20.41 m
[t= 320.0 s] rows=32000 imu=31714 gps=286 drift=61.62 m
[t= 330.0 s] rows=33000 imu=32704 gps=296 drift=49.96 m
[t= 340.0 s] rows=34000 imu=33694 gps=306 drift=14.36 m
[t= 350.0 s] rows=35000 imu=34684 gps=316 drift=24.97 m
[t= 359.9 s] rows=36000 imu=35674 gps=326 drift=26.71 m
[t= 369.9 s] rows=37000 imu=36664 gps=336 drift=23.89 m
[t= 379.9 s] rows=38000 imu=37654 gps=346 drift=20.66 m
[t= 389.9 s] rows=39000 imu=38644 gps=356 drift=13.33 m
[t= 399.9 s] rows=40000 imu=39634 gps=366 drift=12.73 m
[t= 409.9 s] rows=41000 imu=40624 gps=376 drift=18.19 m
[t= 419.9 s] rows=42000 imu=41614 gps=386 drift=13.99 m
[t= 429.9 s] rows=43000 imu=42604 gps=396 drift=11.43 m
[t= 439.8 s] rows=44000 imu=43594 gps=406 drift=21.25 m
[t= 449.8 s] rows=45000 imu=44584 gps=416 drift=20.35 m
[t= 459.8 s] rows=46000 imu=45573 gps=427 drift=45.64 m
[t= 469.8 s] rows=47000 imu=46561 gps=439 drift=30.02 m
[t= 479.7 s] rows=48000 imu=47550 gps=450 drift=26.04 m
[t= 489.7 s] rows=49000 imu=48540 gps=460 drift=5.46 m
[t= 499.7 s] rows=50000 imu=49530 gps=470 drift=52.91 m
[t= 509.7 s] rows=51000 imu=50520 gps=480 drift=16.10 m
[t= 519.7 s] rows=52000 imu=51508 gps=492 drift=76.54 m
[t= 529.7 s] rows=53000 imu=52498 gps=502 drift=75.60 m
[t= 539.6 s] rows=54000 imu=53488 gps=512 drift=13.21 m
[t= 549.6 s] rows=55000 imu=54478 gps=522 drift=68.02 m
[t= 559.6 s] rows=56000 imu=55468 gps=532 drift=19.68 m
[t= 569.6 s] rows=57000 imu=56458 gps=542 drift=51.23 m
[t= 579.6 s] rows=58000 imu=57448 gps=552 drift=36.87 m
[t= 589.6 s] rows=59000 imu=58438 gps=562 drift=5.48 m
[t= 599.6 s] rows=60000 imu=59428 gps=572 drift=4.02 m
[t= 609.5 s] rows=61000 imu=60418 gps=582 drift=7.02 m
[t= 619.5 s] rows=62000 imu=61408 gps=592 drift=9.21 m
[t= 629.5 s] rows=63000 imu=62398 gps=602 drift=32.14 m
[t= 639.5 s] rows=64000 imu=63388 gps=612 drift=31.48 m
[t= 649.5 s] rows=65000 imu=64378 gps=622 drift=27.33 m
[t= 659.5 s] rows=66000 imu=65368 gps=632 drift=16.21 m
[t= 669.5 s] rows=67000 imu=66358 gps=642 drift=15.76 m
[t= 679.4 s] rows=68000 imu=67348 gps=652 drift=8.66 m
[t= 689.4 s] rows=69000 imu=68338 gps=662 drift=25.97 m
[t= 699.4 s] rows=70000 imu=69327 gps=673 drift=18.09 m
[t= 709.4 s] rows=71000 imu=70317 gps=683 drift=21.58 m
[t= 719.4 s] rows=72000 imu=71307 gps=693 drift=12.73 m
[t= 729.5 s] rows=73000 imu=72301 gps=699 drift=22.28 m
[t= 739.6 s] rows=74000 imu=73296 gps=704 drift=37.29 m
[t= 749.7 s] rows=75000 imu=74294 gps=706 drift=203.62 m
[t= 759.8 s] rows=76000 imu=75292 gps=708 drift=56.55 m
[t= 769.9 s] rows=77000 imu=76291 gps=709 drift=84.24 m
[t= 779.9 s] rows=78000 imu=77289 gps=711 drift=78.18 m
[t= 790.0 s] rows=79000 imu=78287 gps=713 drift=79.04 m
----------------------------------------------------------------
 REAL_RUN_REPLAY resumen
  Filas procesadas: 79968 (IMU=79253, GPS=715)
  Duracion:         799.76 s
  Filtro activo:    si
  GNSS aceptadas:   700 | rechazadas: 15 (97.9% aceptadas)
  Ultimo GPS NED:   (-490.930, -2201.897, 13.898) m
  Deriva final H:   87.551 m
  Estado final NED: (-574.493, -2228.021, 36.862) m
----------------------------------------------------------------
