REAL_RUN_REPLAY: ekf_core=v1 v2_polish=off
REAL_RUN_REPLAY: filtro=InsEkf15State
REAL_RUN_REPLAY: entrada=C:\NaviCore-3D\docs\benchmarks\real_run_replay.csv
REAL_RUN_REPLAY: salida=C:\NaviCore-3D\docs\benchmarks\ekf_v2_ab_3routes\ALT_16072026\v1\replay_output.csv
REAL_RUN_REPLAY: montaje=calibration:C:\NaviCore-3D\calibration\imu_mount.json
REAL_RUN_REPLAY: yaw_init=H0_zero_yaw
REAL_RUN_REPLAY: H9a gravity tilt init (min_samples=50 window=2.0 s)
REAL_RUN_REPLAY: constraint_policy=disabled nhc_policy=disabled nhc_every_n=1 static_end=30.0s gps_thresh=0.10 m/s
REAL_RUN_REPLAY: NHC_sigma lateral=0.500 vertical=1.000 m/s
REAL_RUN_REPLAY: gap3_gnss_nis_audit=C:\NaviCore-3D\docs\benchmarks\ekf_v2_ab_3routes\ALT_16072026\v1\gnss_nis_audit.csv
REAL_RUN_REPLAY: gnss_obs_mode=pos_vel | sigma_vel=1.50 m/s | p_pv_policy=none
REAL_RUN_REPLAY: H8 geodesy validation omitida (Location.csv no disponible)
REAL_RUN_REPLAY: inicializado @ t=1.031 s | ref NED=(0.000, 0.000, -0.000) m
GNSS_NIS_DECISION t_ms=0 n_meas=3 NIS_used=0.000000 thr=15.086000 innov=[0.000,0.000,0.000,0.000,0.000] contrib=[0.000,0.000,0.000,0.000,0.000] S_diag=[392.839,392.839,397.839,0.000,0.000] decision=accept reason=0
REAL_RUN_REPLAY: H9a gravity tilt init @ t=1.533 s | samples=50 | mean_a_body=(-0.159, -0.009, 9.805) | mean_w_body=(-0.00006, -0.00029, 0.00004) | roll=-0.06 pitch=0.93 deg
GNSS_NIS_DECISION t_ms=5662 n_meas=5 NIS_used=0.027792 thr=15.086000 innov=[1.643,-3.911,0.047,0.140,-0.413] contrib=[0.005,0.026,0.000,-0.000,-0.002] S_diag=[715.485,716.565,517.720,94.197,94.444] decision=accept reason=0
GNSS_NIS_AUDIT_COMPARE t_s=5.664433 gnss_nis_gate=0.027792 gnss_nis_pos3d=0.028486 thr=15.086000 contrib=[0.005,0.026,0.000,-0.000,-0.002] accepted=1 reject_reason=0
GNSS_NIS_DECISION t_ms=6045 n_meas=5 NIS_used=0.051207 thr=15.086000 innov=[1.713,-3.339,0.053,0.211,0.042] contrib=[0.008,0.035,0.000,0.008,0.001] S_diag=[325.798,325.869,351.333,5.433,5.434] decision=accept reason=0
GNSS_NIS_AUDIT_COMPARE t_s=6.053679 gnss_nis_gate=0.051207 gnss_nis_pos3d=0.028243 thr=15.086000 contrib=[0.008,0.035,0.000,0.008,0.001] accepted=1 reject_reason=0
GNSS_NIS_DECISION t_ms=6922 n_meas=5 NIS_used=0.085855 thr=15.086000 innov=[1.153,-3.031,0.070,-0.080,-0.539] contrib=[0.005,0.035,0.000,0.001,0.044] S_diag=[253.553,253.564,302.329,6.998,6.438] decision=accept reason=0
GNSS_NIS_AUDIT_COMPARE t_s=6.922794 gnss_nis_gate=0.085855 gnss_nis_pos3d=0.032515 thr=15.086000 contrib=[0.005,0.035,0.000,0.001,0.044] accepted=1 reject_reason=0
GNSS_NIS_DECISION t_ms=8536 n_meas=5 NIS_used=0.758000 thr=15.086000 innov=[1.541,-5.828,0.154,0.242,-2.808] contrib=[0.011,0.137,-0.000,0.002,0.608] S_diag=[204.317,198.388,303.058,17.570,12.382] decision=accept reason=0
GNSS_NIS_AUDIT_COMPARE t_s=8.536244 gnss_nis_gate=0.758000 gnss_nis_pos3d=0.142256 thr=15.086000 contrib=[0.011,0.137,-0.000,0.002,0.608] accepted=1 reject_reason=0
GNSS_NIS_DECISION t_ms=9544 n_meas=5 NIS_used=0.136633 thr=15.086000 innov=[1.146,-3.969,-0.338,-0.161,0.319] contrib=[0.009,0.105,0.000,0.004,0.019] S_diag=[159.725,158.166,255.500,7.005,6.996] decision=accept reason=0
GNSS_NIS_AUDIT_COMPARE t_s=9.544652 gnss_nis_gate=0.136633 gnss_nis_pos3d=0.086994 thr=15.086000 contrib=[0.009,0.105,0.000,0.004,0.019] accepted=1 reject_reason=0
[t=  10.0 s] rows=1000 imu=994 gps=6 drift=3.27 m
GNSS_NIS_DECISION t_ms=10553 n_meas=5 NIS_used=1.566511 thr=15.086000 innov=[1.041,-2.366,-0.292,2.080,2.229] contrib=[0.002,0.057,0.000,0.629,0.879] S_diag=[147.710,147.288,225.799,6.723,5.760] decision=accept reason=0
GNSS_NIS_AUDIT_COMPARE t_s=10.553060 gnss_nis_gate=1.566511 gnss_nis_pos3d=0.042943 thr=15.086000 contrib=[0.002,0.057,0.000,0.629,0.879] accepted=1 reject_reason=0
GNSS_NIS_DECISION t_ms=11258 n_meas=5 NIS_used=15.863585 thr=15.086000 innov=[-10.572,6.263,-0.052,-6.965,4.759] contrib=[1.275,0.377,-0.000,8.915,5.297] S_diag=[67.919,67.752,123.849,5.798,4.796] decision=reject reason=1
GNSS_NIS_AUDIT_COMPARE t_s=11.268434 gnss_nis_gate=15.863585 gnss_nis_pos3d=1.041188 thr=15.086000 contrib=[1.275,0.377,-0.000,8.915,5.297] accepted=0 reject_reason=1
GNSS_NIS_DECISION t_ms=12267 n_meas=5 NIS_used=18.946253 thr=15.086000 innov=[-19.462,13.039,0.057,-8.582,5.997] contrib=[5.042,2.031,0.000,6.295,5.578] S_diag=[56.094,55.061,142.645,13.969,8.992] decision=reject reason=1
GNSS_NIS_AUDIT_COMPARE t_s=12.268434 gnss_nis_gate=18.946253 gnss_nis_pos3d=7.259766 thr=15.086000 contrib=[5.042,2.031,0.000,6.295,5.578] accepted=0 reject_reason=1
GNSS_NIS_DECISION t_ms=13265 n_meas=5 NIS_used=20.835289 thr=15.086000 innov=[-29.367,20.421,0.382,-10.187,7.694] contrib=[9.331,3.726,-0.001,2.695,5.084] S_diag=[97.775,80.717,196.973,33.466,17.176] decision=reject reason=1
GNSS_NIS_AUDIT_COMPARE t_s=13.268434 gnss_nis_gate=20.835289 gnss_nis_pos3d=16.566639 thr=15.086000 contrib=[9.331,3.726,-0.001,2.695,5.084] accepted=0 reject_reason=1
GNSS_NIS_DECISION t_ms=14264 n_meas=5 NIS_used=21.991962 thr=15.086000 innov=[-40.855,29.289,0.970,-11.780,9.343] contrib=[14.217,5.543,-0.005,-1.203,3.439] S_diag=[237.157,153.655,274.050,69.168,32.120] decision=reject reason=1
GNSS_NIS_AUDIT_COMPARE t_s=14.268434 gnss_nis_gate=21.991962 gnss_nis_pos3d=20.093210 thr=15.086000 contrib=[14.217,5.543,-0.005,-1.203,3.439] accepted=0 reject_reason=1
GNSS_NIS_DECISION t_ms=15262 n_meas=5 NIS_used=22.676697 thr=15.086000 innov=[-53.719,39.735,1.904,-13.640,11.016] contrib=[18.956,7.660,-0.014,-5.183,1.257] S_diag=[586.529,321.069,377.771,125.925,56.534] decision=reject reason=1
GNSS_NIS_AUDIT_COMPARE t_s=15.268434 gnss_nis_gate=22.676697 gnss_nis_pos3d=20.252274 thr=15.086000 contrib=[18.956,7.660,-0.014,-5.183,1.257] accepted=0 reject_reason=1
GNSS_NIS_DECISION t_ms=16260 n_meas=5 NIS_used=23.883522 thr=15.086000 innov=[-68.540,52.166,3.233,-15.275,12.875] contrib=[24.623,10.362,-0.029,-9.624,-1.448] S_diag=[1328.973,662.722,515.478,211.528,93.511] decision=reject reason=1
GNSS_NIS_AUDIT_COMPARE t_s=16.268435 gnss_nis_gate=23.883522 gnss_nis_pos3d=19.221375 thr=15.086000 contrib=[24.623,10.362,-0.029,-9.624,-1.448] accepted=0 reject_reason=1
GNSS_NIS_DECISION t_ms=17258 n_meas=5 NIS_used=23.440027 thr=15.086000 innov=[-85.062,66.097,4.962,-17.906,15.022] contrib=[27.966,12.572,-0.053,-13.322,-3.723] S_diag=[2741.074,1301.570,696.548,329.710,150.113] decision=reject reason=1
GNSS_NIS_AUDIT_COMPARE t_s=17.268435 gnss_nis_gate=23.440027 gnss_nis_pos3d=17.605885 thr=15.086000 contrib=[27.966,12.572,-0.053,-13.322,-3.723] accepted=0 reject_reason=1
GNSS_NIS_DECISION t_ms=18267 n_meas=5 NIS_used=23.771307 thr=15.086000 innov=[-105.057,82.465,7.249,-20.201,16.611] contrib=[31.786,15.765,-0.082,-17.102,-6.595] S_diag=[5234.663,2459.210,945.312,482.494,231.467] decision=reject reason=1
GNSS_NIS_AUDIT_COMPARE t_s=18.268435 gnss_nis_gate=23.771307 gnss_nis_pos3d=16.341017 thr=15.086000 contrib=[31.786,15.765,-0.082,-17.102,-6.595] accepted=0 reject_reason=1
GNSS_NIS_DECISION t_ms=19265 n_meas=5 NIS_used=20.820993 thr=15.086000 innov=[-127.331,99.456,10.009,-23.504,18.101] contrib=[28.937,15.637,-0.118,-16.789,-6.847] S_diag=[9225.882,4372.560,1283.575,669.768,336.573] decision=reject reason=1
GNSS_NIS_AUDIT_COMPARE t_s=19.268435 gnss_nis_gate=20.820993 gnss_nis_pos3d=14.916835 thr=15.086000 contrib=[28.937,15.637,-0.118,-16.789,-6.847] accepted=0 reject_reason=1
[t=  20.0 s] rows=2000 imu=1984 gps=16 drift=180.21 m
GNSS_NIS_DECISION t_ms=20264 n_meas=5 NIS_used=19.201801 thr=15.086000 innov=[-151.401,119.625,13.357,-25.602,21.373] contrib=[28.506,13.886,-0.161,-16.701,-6.329] S_diag=[15403.876,7396.282,1719.521,931.000,477.918] decision=reject reason=1
GNSS_NIS_AUDIT_COMPARE t_s=20.268435 gnss_nis_gate=19.201801 gnss_nis_pos3d=13.734942 thr=15.086000 contrib=[28.506,13.886,-0.161,-16.701,-6.329] accepted=0 reject_reason=1
GNSS_NIS_DECISION t_ms=21262 n_meas=5 NIS_used=17.779495 thr=15.086000 innov=[-178.245,142.694,17.436,-28.384,24.339] contrib=[27.588,13.448,-0.215,-16.647,-6.395] S_diag=[24600.533,11999.443,2278.031,1249.714,666.863] decision=reject reason=1
GNSS_NIS_AUDIT_COMPARE t_s=21.268435 gnss_nis_gate=17.779495 gnss_nis_pos3d=12.903920 thr=15.086000 contrib=[27.588,13.448,-0.215,-16.647,-6.395] accepted=0 reject_reason=1
GNSS_NIS_DECISION t_ms=22260 n_meas=5 NIS_used=17.614674 thr=15.086000 innov=[-208.584,168.281,22.394,-31.751,27.121] contrib=[29.654,16.341,-0.289,-18.985,-9.106] S_diag=[37871.125,18800.947,2945.493,1673.751,915.163] decision=reject reason=1
GNSS_NIS_AUDIT_COMPARE t_s=22.268435 gnss_nis_gate=17.614674 gnss_nis_pos3d=12.302306 thr=15.086000 contrib=[29.654,16.341,-0.289,-18.985,-9.106] accepted=0 reject_reason=1
GNSS_NIS_DECISION t_ms=23259 n_meas=5 NIS_used=19.059864 thr=15.086000 innov=[-241.301,196.452,28.334,-34.406,29.301] contrib=[35.438,21.252,-0.363,-24.018,-13.249] S_diag=[56631.609,28671.305,3805.702,2157.081,1229.713] decision=reject reason=1
GNSS_NIS_AUDIT_COMPARE t_s=23.268436 gnss_nis_gate=19.059864 gnss_nis_pos3d=11.890058 thr=15.086000 contrib=[35.438,21.252,-0.363,-24.018,-13.249] accepted=0 reject_reason=1
GNSS_NIS_DECISION t_ms=24267 n_meas=5 NIS_used=19.745361 thr=15.086000 innov=[-278.156,227.462,35.427,-37.702,32.000] contrib=[39.821,25.750,-0.461,-28.177,-17.187] S_diag=[82736.320,42834.406,4919.485,2788.044,1653.239] decision=reject reason=1
GNSS_NIS_AUDIT_COMPARE t_s=24.268436 gnss_nis_gate=19.745361 gnss_nis_pos3d=11.575125 thr=15.086000 contrib=[39.821,25.750,-0.461,-28.177,-17.187] accepted=0 reject_reason=1
GNSS_NIS_DECISION t_ms=25266 n_meas=5 NIS_used=18.833290 thr=15.086000 innov=[-317.653,261.099,43.825,-41.510,35.245] contrib=[39.834,28.592,-0.589,-29.012,-19.992] S_diag=[118155.117,62572.309,6353.530,3613.626,2186.406] decision=reject reason=1
GNSS_NIS_AUDIT_COMPARE t_s=25.268436 gnss_nis_gate=18.833290 gnss_nis_pos3d=11.340428 thr=15.086000 contrib=[39.834,28.592,-0.589,-29.012,-19.992] accepted=0 reject_reason=1
GNSS_NIS_DECISION t_ms=25356 n_meas=3 NIS_used=11.148271 thr=15.086000 innov=[-321.097,264.006,48.655,0.000,0.000] contrib=[5.769,6.137,-0.759,0.000,0.000] S_diag=[121923.859,64704.559,6518.503,0.000,0.000] decision=accept reason=0
GNSS_NIS_AUDIT_COMPARE t_s=25.357677 gnss_nis_gate=11.148271 gnss_nis_pos3d=11.167233 thr=15.086000 contrib=[5.769,6.137,-0.759,0.000,0.000] accepted=1 reject_reason=0
GNSS_NIS_DECISION t_ms=26264 n_meas=5 NIS_used=10.881804 thr=15.086000 innov=[4.379,0.607,-10.663,9.153,-4.167] contrib=[-0.309,0.039,0.223,7.887,3.042] S_diag=[428.498,433.442,372.239,46.270,54.510] decision=accept reason=0
GNSS_NIS_AUDIT_COMPARE t_s=26.268436 gnss_nis_gate=10.881804 gnss_nis_pos3d=0.349240 thr=15.086000 contrib=[-0.309,0.039,0.223,7.887,3.042] accepted=1 reject_reason=0
GNSS_NIS_DECISION t_ms=27262 n_meas=5 NIS_used=1.562027 thr=15.086000 innov=[-10.389,9.144,-9.983,0.553,-0.977] contrib=[0.490,0.380,0.337,0.112,0.243] S_diag=[257.596,257.406,285.996,4.840,5.470] decision=accept reason=0
GNSS_NIS_AUDIT_COMPARE t_s=27.268436 gnss_nis_gate=1.562027 gnss_nis_pos3d=1.105154 thr=15.086000 contrib=[0.490,0.380,0.337,0.112,0.243] accepted=1 reject_reason=0
GNSS_NIS_AUDIT_COMPARE t_s=28.268438 gnss_nis_gate=3.010352 gnss_nis_pos3d=0.700905 thr=15.086000 contrib=[0.154,0.116,0.483,1.831,0.427] accepted=1 reject_reason=0
[t=  30.0 s] rows=3000 imu=2973 gps=27 drift=2.11 m
[t=  40.0 s] rows=4000 imu=3963 gps=37 drift=3.86 m
[t=  50.0 s] rows=5000 imu=4953 gps=47 drift=15.67 m
[t=  59.9 s] rows=6000 imu=5943 gps=57 drift=328.40 m
[t=  69.9 s] rows=7000 imu=6933 gps=67 drift=1006.36 m
[t=  79.9 s] rows=8000 imu=7922 gps=78 drift=1988.11 m
[t=  89.9 s] rows=9000 imu=8912 gps=88 drift=3341.50 m
[t=  99.9 s] rows=10000 imu=9902 gps=98 drift=5112.03 m
[t= 109.8 s] rows=11000 imu=10892 gps=108 drift=7480.17 m
[t= 119.8 s] rows=12000 imu=11882 gps=118 drift=10488.27 m
[t= 129.8 s] rows=13000 imu=12872 gps=128 drift=14175.00 m
[t= 139.8 s] rows=14000 imu=13862 gps=138 drift=18545.91 m
[t= 149.8 s] rows=15000 imu=14852 gps=148 drift=23700.79 m
[t= 159.8 s] rows=16000 imu=15842 gps=158 drift=29637.53 m
[t= 169.8 s] rows=17000 imu=16832 gps=168 drift=36320.78 m
[t= 179.7 s] rows=18000 imu=17822 gps=178 drift=43743.42 m
[t= 189.7 s] rows=19000 imu=18812 gps=188 drift=51871.08 m
[t= 199.7 s] rows=20000 imu=19802 gps=198 drift=60768.55 m
[t= 209.7 s] rows=21000 imu=20792 gps=208 drift=70351.04 m
[t= 219.7 s] rows=22000 imu=21782 gps=218 drift=80511.80 m
[t= 229.7 s] rows=23000 imu=22772 gps=228 drift=2681.69 m
[t= 239.7 s] rows=24000 imu=23762 gps=238 drift=34224.65 m
[t= 249.6 s] rows=25000 imu=24752 gps=248 drift=67305.98 m
[t= 259.6 s] rows=26000 imu=25742 gps=258 drift=99772.43 m
[t= 269.6 s] rows=27000 imu=26732 gps=268 drift=133201.86 m
[t= 279.6 s] rows=28000 imu=27722 gps=278 drift=166410.25 m
[t= 289.6 s] rows=29000 imu=28712 gps=288 drift=200742.36 m
[t= 299.6 s] rows=30000 imu=29702 gps=298 drift=234775.89 m
[t= 309.6 s] rows=31000 imu=30692 gps=308 drift=269968.69 m
[t= 319.5 s] rows=32000 imu=31682 gps=318 drift=304824.38 m
[t= 329.5 s] rows=33000 imu=32672 gps=328 drift=340797.06 m
----------------------------------------------------------------
 REAL_RUN_REPLAY resumen
  Filas procesadas: 33327 (IMU=32996, GPS=331)
  Duracion:         332.79 s
  Filtro activo:    si
  GNSS aceptadas:   32 | rechazadas: 299 (9.7% aceptadas)
  Ultimo GPS NED:   (-1988.888, -4078.254, 16.413) m
  Deriva final H:   352260.031 m
  Estado final NED: (134722.469, -328727.500, -4278024.000) m
----------------------------------------------------------------
