REAL_RUN_REPLAY: ekf_core=v1 v2_polish=off
REAL_RUN_REPLAY: filtro=InsEkf15State
REAL_RUN_REPLAY: entrada=C:\NaviCore-3D\docs\benchmarks\real_run_20260717_replay.csv
REAL_RUN_REPLAY: salida=C:\NaviCore-3D\docs\benchmarks\ekf_v2_ab_3routes\JUL17_20260717\v1\replay_output.csv
REAL_RUN_REPLAY: montaje=calibration:C:\NaviCore-3D\calibration\imu_mount.json
REAL_RUN_REPLAY: yaw_init=H0_zero_yaw
REAL_RUN_REPLAY: H9a gravity tilt init (min_samples=50 window=2.0 s)
REAL_RUN_REPLAY: constraint_policy=disabled nhc_policy=disabled nhc_every_n=1 static_end=30.0s gps_thresh=0.10 m/s
REAL_RUN_REPLAY: NHC_sigma lateral=0.500 vertical=1.000 m/s
REAL_RUN_REPLAY: gap3_gnss_nis_audit=C:\NaviCore-3D\docs\benchmarks\ekf_v2_ab_3routes\JUL17_20260717\v1\gnss_nis_audit.csv
REAL_RUN_REPLAY: gnss_obs_mode=pos_vel | sigma_vel=1.50 m/s | p_pv_policy=none
REAL_RUN_REPLAY: H8 geodesy validation omitida (Location.csv no disponible)
REAL_RUN_REPLAY: inicializado @ t=0.070 s | ref NED=(0.000, 0.000, -0.000) m
GNSS_NIS_DECISION t_ms=0 n_meas=3 NIS_used=0.000000 thr=15.086000 innov=[0.000,0.000,0.000,0.000,0.000] contrib=[0.000,0.000,0.000,0.000,0.000] S_diag=[10004.000,10004.000,10009.000,0.000,0.000] decision=accept reason=0
REAL_RUN_REPLAY: H9a gravity tilt init @ t=0.565 s | samples=50 | mean_a_body=(-0.665, -4.149, 8.887) | mean_w_body=(0.06851, -0.01171, -0.03589) | roll=-25.03 pitch=3.88 deg
GNSS_NIS_DECISION t_ms=7044 n_meas=5 NIS_used=0.760904 thr=15.086000 innov=[36.260,-5.392,5.236,-3.330,-13.784] contrib=[0.167,-0.015,-0.001,0.066,0.544] S_diag=[14050.478,12055.604,9953.039,551.048,426.085] decision=accept reason=0
GNSS_NIS_AUDIT_COMPARE t_s=7.052161 gnss_nis_gate=0.760904 gnss_nis_pos3d=0.096495 thr=15.086000 contrib=[0.167,-0.015,-0.001,0.066,0.544] accepted=1 reject_reason=0
[t=  10.1 s] rows=1000 imu=998 gps=2 drift=46.63 m
GNSS_NIS_DECISION t_ms=12056 n_meas=5 NIS_used=0.317393 thr=15.086000 innov=[46.922,30.132,-9.613,-1.953,-0.243] contrib=[0.205,0.081,0.008,0.021,0.002] S_diag=[12260.792,11781.587,12407.797,447.639,137.420] decision=accept reason=0
GNSS_NIS_AUDIT_COMPARE t_s=12.061161 gnss_nis_gate=0.317393 gnss_nis_pos3d=0.300944 thr=15.086000 contrib=[0.205,0.081,0.008,0.021,0.002] accepted=1 reject_reason=0
GNSS_NIS_DECISION t_ms=18985 n_meas=5 NIS_used=1.123066 thr=15.086000 innov=[27.322,10.243,-16.074,-4.751,-5.250] contrib=[0.203,0.046,0.024,0.314,0.536] S_diag=[6502.348,5999.210,11724.569,110.361,59.107] decision=accept reason=0
GNSS_NIS_AUDIT_COMPARE t_s=18.988161 gnss_nis_gate=1.123066 gnss_nis_pos3d=0.083285 thr=15.086000 contrib=[0.203,0.046,0.024,0.314,0.536] accepted=1 reject_reason=0
[t=  20.1 s] rows=2000 imu=1996 gps=4 drift=44.69 m
GNSS_NIS_DECISION t_ms=24945 n_meas=5 NIS_used=1.147001 thr=15.086000 innov=[38.691,8.522,-6.413,0.799,-4.734] contrib=[0.220,0.029,0.003,0.003,0.891] S_diag=[6466.444,6506.358,14898.426,18.536,26.127] decision=accept reason=0
GNSS_NIS_AUDIT_COMPARE t_s=24.950161 gnss_nis_gate=1.147001 gnss_nis_pos3d=0.275385 thr=15.086000 contrib=[0.220,0.029,0.003,0.003,0.891] accepted=1 reject_reason=0
GNSS_NIS_DECISION t_ms=29957 n_meas=5 NIS_used=0.816368 thr=15.086000 innov=[24.502,22.178,2.754,-3.513,1.684] contrib=[0.108,0.056,0.001,0.393,0.258] S_diag=[7837.004,7671.515,14873.195,49.702,16.992] decision=accept reason=0
GNSS_NIS_AUDIT_COMPARE t_s=29.963161 gnss_nis_gate=0.816368 gnss_nis_pos3d=0.166330 thr=15.086000 contrib=[0.108,0.056,0.001,0.393,0.258] accepted=1 reject_reason=0
[t=  30.2 s] rows=3000 imu=2994 gps=6 drift=36.68 m
GNSS_NIS_DECISION t_ms=36936 n_meas=5 NIS_used=4.346933 thr=15.086000 innov=[48.692,-3.183,14.837,6.311,-3.417] contrib=[0.444,-0.009,0.019,3.367,0.527] S_diag=[3308.774,3755.716,11147.366,16.450,122.165] decision=accept reason=0
GNSS_NIS_AUDIT_COMPARE t_s=36.941162 gnss_nis_gate=4.346933 gnss_nis_pos3d=0.303720 thr=15.086000 contrib=[0.444,-0.009,0.019,3.367,0.527] accepted=1 reject_reason=0
[t=  40.3 s] rows=4000 imu=3993 gps=7 drift=23.21 m
GNSS_NIS_DECISION t_ms=41091 n_meas=3 NIS_used=0.405785 thr=15.086000 innov=[21.133,12.954,10.681,0.000,0.000] contrib=[0.273,0.105,0.028,0.000,0.000] S_diag=[1640.555,1612.755,3973.587,0.000,0.000] decision=accept reason=0
GNSS_NIS_AUDIT_COMPARE t_s=41.100163 gnss_nis_gate=0.405785 gnss_nis_pos3d=0.253674 thr=15.086000 contrib=[0.273,0.105,0.028,0.000,0.000] accepted=1 reject_reason=0
GNSS_NIS_DECISION t_ms=47949 n_meas=3 NIS_used=1.321004 thr=15.086000 innov=[12.475,46.495,15.745,0.000,0.000] contrib=[0.078,1.142,0.101,0.000,0.000] S_diag=[2885.310,1953.339,2182.155,0.000,0.000] decision=accept reason=0
GNSS_NIS_AUDIT_COMPARE t_s=47.954163 gnss_nis_gate=1.321004 gnss_nis_pos3d=0.976315 thr=15.086000 contrib=[0.078,1.142,0.101,0.000,0.000] accepted=1 reject_reason=0
[t=  50.3 s] rows=5000 imu=4991 gps=9 drift=21.17 m
GNSS_NIS_DECISION t_ms=53234 n_meas=3 NIS_used=0.017821 thr=15.086000 innov=[-8.828,19.171,11.666,0.000,0.000] contrib=[0.002,0.011,0.004,0.000,0.000] S_diag=[33307.008,32851.656,31665.781,0.000,0.000] decision=accept reason=0
GNSS_NIS_AUDIT_COMPARE t_s=53.243469 gnss_nis_gate=0.017821 gnss_nis_pos3d=0.301868 thr=15.086000 contrib=[0.002,0.011,0.004,0.000,0.000] accepted=1 reject_reason=0
GNSS_NIS_DECISION t_ms=54010 n_meas=3 NIS_used=0.017656 thr=15.086000 innov=[-13.796,20.079,-2.914,0.000,0.000] contrib=[0.006,0.012,0.000,0.000,0.000] S_diag=[34483.816,33988.066,32525.355,0.000,0.000] decision=accept reason=0
GNSS_NIS_AUDIT_COMPARE t_s=54.014160 gnss_nis_gate=0.017656 gnss_nis_pos3d=0.018091 thr=15.086000 contrib=[0.006,0.012,0.000,0.000,0.000] accepted=1 reject_reason=0
GNSS_NIS_DECISION t_ms=54242 n_meas=5 NIS_used=1.003699 thr=15.086000 innov=[-13.596,17.516,-2.280,-6.532,0.440] contrib=[-0.089,0.047,0.001,1.045,0.000] S_diag=[6438.634,5983.737,4527.717,55.051,48.625] decision=accept reason=0
GNSS_NIS_AUDIT_COMPARE t_s=54.243469 gnss_nis_gate=1.003699 gnss_nis_pos3d=0.014569 thr=15.086000 contrib=[-0.089,0.047,0.001,1.045,0.000] accepted=1 reject_reason=0
GNSS_NIS_DECISION t_ms=55241 n_meas=5 NIS_used=0.855132 thr=15.086000 innov=[23.786,12.023,0.980,0.521,1.670] contrib=[0.210,0.034,0.000,0.041,0.570] S_diag=[2575.662,2575.174,2852.217,4.734,4.759] decision=accept reason=0
GNSS_NIS_AUDIT_COMPARE t_s=55.243469 gnss_nis_gate=0.855132 gnss_nis_pos3d=0.169698 thr=15.086000 contrib=[0.210,0.034,0.000,0.041,0.570] accepted=1 reject_reason=0
GNSS_NIS_DECISION t_ms=56239 n_meas=5 NIS_used=0.216699 thr=15.086000 innov=[17.993,6.637,3.339,0.181,0.019] contrib=[0.180,0.025,0.005,0.006,-0.000] S_diag=[1789.765,1790.041,2047.867,4.130,3.826] decision=accept reason=0
GNSS_NIS_AUDIT_COMPARE t_s=56.243469 gnss_nis_gate=0.216699 gnss_nis_pos3d=0.151778 thr=15.086000 contrib=[0.180,0.025,0.005,0.006,-0.000] accepted=1 reject_reason=0
GNSS_NIS_DECISION t_ms=57237 n_meas=5 NIS_used=0.785354 thr=15.086000 innov=[13.246,4.903,5.050,-0.185,-1.439] contrib=[0.129,0.023,0.016,0.002,0.615] S_diag=[1350.926,1351.439,1554.083,5.127,3.388] decision=accept reason=0
GNSS_NIS_AUDIT_COMPARE t_s=57.243473 gnss_nis_gate=0.785354 gnss_nis_pos3d=0.128407 thr=15.086000 contrib=[0.129,0.023,0.016,0.002,0.615] accepted=1 reject_reason=0
GNSS_NIS_DECISION t_ms=59133 n_meas=3 NIS_used=0.105285 thr=15.086000 innov=[7.130,0.603,8.528,0.000,0.000] contrib=[0.047,0.000,0.058,0.000,0.000] S_diag=[1074.516,1081.887,1265.578,0.000,0.000] decision=accept reason=0
GNSS_NIS_AUDIT_COMPARE t_s=59.139473 gnss_nis_gate=0.105285 gnss_nis_pos3d=0.088063 thr=15.086000 contrib=[0.047,0.000,0.058,0.000,0.000] accepted=1 reject_reason=0
GNSS_NIS_DECISION t_ms=60091 n_meas=3 NIS_used=0.598647 thr=15.086000 innov=[3.334,-3.814,24.789,0.000,0.000] contrib=[0.012,0.015,0.571,0.000,0.000] S_diag=[948.501,948.264,1076.068,0.000,0.000] decision=accept reason=0
GNSS_NIS_AUDIT_COMPARE t_s=60.098160 gnss_nis_gate=0.598647 gnss_nis_pos3d=0.548217 thr=15.086000 contrib=[0.012,0.015,0.571,0.000,0.000] accepted=1 reject_reason=0
GNSS_NIS_DECISION t_ms=60132 n_meas=3 NIS_used=0.691452 thr=15.086000 innov=[12.806,-9.796,17.996,0.000,0.000] contrib=[0.204,0.119,0.368,0.000,0.000] S_diag=[805.628,805.018,881.352,0.000,0.000] decision=accept reason=0
GNSS_NIS_AUDIT_COMPARE t_s=60.139473 gnss_nis_gate=0.691452 gnss_nis_pos3d=0.610101 thr=15.086000 contrib=[0.204,0.119,0.368,0.000,0.000] accepted=1 reject_reason=0
[t=  60.3 s] rows=6000 imu=5982 gps=18 drift=13.48 m
GNSS_NIS_DECISION t_ms=61130 n_meas=5 NIS_used=2.177746 thr=15.086000 innov=[8.016,-9.955,15.743,-2.650,-2.000] contrib=[0.150,0.125,0.339,0.660,0.903] S_diag=[665.297,647.112,708.311,12.264,4.445] decision=accept reason=0
GNSS_NIS_AUDIT_COMPARE t_s=61.139477 gnss_nis_gate=2.177746 gnss_nis_pos3d=0.499520 thr=15.086000 contrib=[0.150,0.125,0.339,0.660,0.903] accepted=1 reject_reason=0
GNSS_NIS_DECISION t_ms=62139 n_meas=5 NIS_used=1.019110 thr=15.086000 innov=[8.661,-6.788,13.170,-1.348,-0.015] contrib=[0.155,0.082,0.281,0.501,-0.000] S_diag=[567.042,565.615,616.985,3.819,3.732] decision=accept reason=0
GNSS_NIS_AUDIT_COMPARE t_s=62.139477 gnss_nis_gate=1.019110 gnss_nis_pos3d=0.449386 thr=15.086000 contrib=[0.155,0.082,0.281,0.501,-0.000] accepted=1 reject_reason=0
GNSS_NIS_DECISION t_ms=63137 n_meas=5 NIS_used=1.256354 thr=15.086000 innov=[7.970,-4.681,11.633,-1.182,1.117] contrib=[0.135,0.050,0.240,0.456,0.375] S_diag=[526.775,526.450,570.623,3.218,3.450] decision=accept reason=0
GNSS_NIS_AUDIT_COMPARE t_s=63.139477 gnss_nis_gate=1.256354 gnss_nis_pos3d=0.383371 thr=15.086000 contrib=[0.135,0.050,0.240,0.456,0.375] accepted=1 reject_reason=0
GNSS_NIS_DECISION t_ms=64135 n_meas=5 NIS_used=0.793137 thr=15.086000 innov=[6.195,-3.975,10.779,-1.119,0.398] contrib=[0.085,0.034,0.214,0.407,0.053] S_diag=[508.107,508.009,547.781,3.180,3.266] decision=accept reason=0
GNSS_NIS_AUDIT_COMPARE t_s=64.139481 gnss_nis_gate=0.793137 gnss_nis_pos3d=0.314755 thr=15.086000 contrib=[0.085,0.034,0.214,0.407,0.053] accepted=1 reject_reason=0
GNSS_NIS_DECISION t_ms=65134 n_meas=5 NIS_used=0.926125 thr=15.086000 innov=[4.786,-3.444,10.229,-1.020,-0.546] contrib=[0.100,0.041,0.343,0.353,0.088] S_diag=[266.421,266.371,303.695,3.087,3.177] decision=accept reason=0
GNSS_NIS_AUDIT_COMPARE t_s=65.139481 gnss_nis_gate=0.926125 gnss_nis_pos3d=0.264470 thr=15.086000 contrib=[0.100,0.041,0.343,0.353,0.088] accepted=1 reject_reason=0
GNSS_NIS_DECISION t_ms=66102 n_meas=3 NIS_used=0.178793 thr=15.086000 innov=[3.671,-3.263,8.058,0.000,0.000] contrib=[0.028,0.022,0.128,0.000,0.000] S_diag=[479.243,479.276,505.537,0.000,0.000] decision=accept reason=0
GNSS_NIS_AUDIT_COMPARE t_s=66.107162 gnss_nis_gate=0.178793 gnss_nis_pos3d=0.328468 thr=15.086000 contrib=[0.028,0.022,0.128,0.000,0.000] accepted=1 reject_reason=0
GNSS_NIS_DECISION t_ms=66132 n_meas=5 NIS_used=0.419882 thr=15.086000 innov=[3.269,-2.939,6.861,0.127,-0.947] contrib=[0.023,0.015,0.096,0.005,0.281] S_diag=[466.293,466.325,486.337,3.018,3.148] decision=accept reason=0
GNSS_NIS_AUDIT_COMPARE t_s=66.139481 gnss_nis_gate=0.419882 gnss_nis_pos3d=0.136099 thr=15.086000 contrib=[0.023,0.015,0.096,0.005,0.281] accepted=1 reject_reason=0
GNSS_NIS_AUDIT_COMPARE t_s=67.139481 gnss_nis_gate=0.364984 gnss_nis_pos3d=0.141211 thr=15.086000 contrib=[0.015,0.015,0.106,0.056,0.173] accepted=1 reject_reason=0
[t=  70.3 s] rows=7000 imu=6971 gps=29 drift=4.00 m
[t=  80.3 s] rows=8000 imu=7959 gps=41 drift=1.59 m
[t=  90.3 s] rows=9000 imu=8949 gps=51 drift=11.15 m
[t= 100.3 s] rows=10000 imu=9939 gps=61 drift=3.76 m
[t= 110.2 s] rows=11000 imu=10928 gps=72 drift=5.27 m
[t= 120.2 s] rows=12000 imu=11917 gps=83 drift=118.32 m
[t= 130.2 s] rows=13000 imu=12906 gps=94 drift=341.87 m
[t= 140.2 s] rows=14000 imu=13895 gps=105 drift=559.27 m
[t= 150.3 s] rows=15000 imu=14888 gps=112 drift=612.58 m
[t= 160.3 s] rows=16000 imu=15878 gps=122 drift=763.61 m
[t= 170.2 s] rows=17000 imu=16867 gps=133 drift=987.36 m
[t= 180.2 s] rows=18000 imu=17857 gps=143 drift=1317.11 m
[t= 190.2 s] rows=19000 imu=18847 gps=153 drift=1696.91 m
[t= 200.2 s] rows=20000 imu=19837 gps=163 drift=2017.15 m
[t= 210.2 s] rows=21000 imu=20827 gps=173 drift=2196.34 m
[t= 220.1 s] rows=22000 imu=21815 gps=185 drift=577.85 m
[t= 230.1 s] rows=23000 imu=22806 gps=194 drift=1311.79 m
[t= 240.1 s] rows=24000 imu=23796 gps=204 drift=2267.40 m
[t= 250.1 s] rows=25000 imu=24786 gps=214 drift=3436.82 m
[t= 260.1 s] rows=26000 imu=25776 gps=224 drift=4867.83 m
[t= 270.1 s] rows=27000 imu=26765 gps=235 drift=6798.12 m
[t= 280.1 s] rows=28000 imu=27754 gps=246 drift=9078.67 m
[t= 290.0 s] rows=29000 imu=28744 gps=256 drift=11691.70 m
[t= 300.0 s] rows=30000 imu=29734 gps=266 drift=14493.45 m
[t= 310.0 s] rows=31000 imu=30724 gps=276 drift=17696.53 m
[t= 320.0 s] rows=32000 imu=31714 gps=286 drift=21428.54 m
[t= 330.0 s] rows=33000 imu=32704 gps=296 drift=25485.92 m
[t= 340.0 s] rows=34000 imu=33694 gps=306 drift=29917.41 m
[t= 350.0 s] rows=35000 imu=34684 gps=316 drift=34641.90 m
[t= 359.9 s] rows=36000 imu=35674 gps=326 drift=39441.77 m
[t= 369.9 s] rows=37000 imu=36664 gps=336 drift=44408.08 m
[t= 379.9 s] rows=38000 imu=37654 gps=346 drift=49635.83 m
[t= 389.9 s] rows=39000 imu=38644 gps=356 drift=55083.61 m
[t= 399.9 s] rows=40000 imu=39634 gps=366 drift=60734.93 m
[t= 409.9 s] rows=41000 imu=40624 gps=376 drift=66619.65 m
[t= 419.9 s] rows=42000 imu=41614 gps=386 drift=72682.94 m
[t= 429.9 s] rows=43000 imu=42604 gps=396 drift=78917.18 m
[t= 439.8 s] rows=44000 imu=43594 gps=406 drift=85288.19 m
[t= 449.8 s] rows=45000 imu=44584 gps=416 drift=91871.56 m
[t= 459.8 s] rows=46000 imu=45573 gps=427 drift=98595.32 m
[t= 469.8 s] rows=47000 imu=46561 gps=439 drift=105440.73 m
[t= 479.7 s] rows=48000 imu=47550 gps=450 drift=112381.93 m
[t= 489.7 s] rows=49000 imu=48540 gps=460 drift=119462.37 m
[t= 499.7 s] rows=50000 imu=49530 gps=470 drift=126584.54 m
[t= 509.7 s] rows=51000 imu=50520 gps=480 drift=133730.44 m
[t= 519.7 s] rows=52000 imu=51508 gps=492 drift=140921.14 m
[t= 529.7 s] rows=53000 imu=52498 gps=502 drift=148247.20 m
[t= 539.6 s] rows=54000 imu=53488 gps=512 drift=155651.73 m
[t= 549.6 s] rows=55000 imu=54478 gps=522 drift=163137.06 m
[t= 559.6 s] rows=56000 imu=55468 gps=532 drift=170678.59 m
[t= 569.6 s] rows=57000 imu=56458 gps=542 drift=178318.38 m
[t= 579.6 s] rows=58000 imu=57448 gps=552 drift=186042.19 m
[t= 589.6 s] rows=59000 imu=58438 gps=562 drift=193860.86 m
[t= 599.6 s] rows=60000 imu=59428 gps=572 drift=201792.94 m
[t= 609.5 s] rows=61000 imu=60418 gps=582 drift=209818.47 m
[t= 619.5 s] rows=62000 imu=61408 gps=592 drift=217911.66 m
[t= 629.5 s] rows=63000 imu=62398 gps=602 drift=226043.72 m
[t= 639.5 s] rows=64000 imu=63388 gps=612 drift=234193.05 m
[t= 649.5 s] rows=65000 imu=64378 gps=622 drift=242336.59 m
[t= 659.5 s] rows=66000 imu=65368 gps=632 drift=250430.50 m
[t= 669.5 s] rows=67000 imu=66358 gps=642 drift=258428.16 m
[t= 679.4 s] rows=68000 imu=67348 gps=652 drift=266321.28 m
[t= 689.4 s] rows=69000 imu=68338 gps=662 drift=274134.53 m
[t= 699.4 s] rows=70000 imu=69327 gps=673 drift=281820.25 m
[t= 709.4 s] rows=71000 imu=70317 gps=683 drift=289386.56 m
[t= 719.4 s] rows=72000 imu=71307 gps=693 drift=296839.91 m
[t= 729.5 s] rows=73000 imu=72301 gps=699 drift=304236.69 m
[t= 739.6 s] rows=74000 imu=73296 gps=704 drift=311550.69 m
[t= 749.7 s] rows=75000 imu=74294 gps=706 drift=318797.28 m
[t= 759.8 s] rows=76000 imu=75292 gps=708 drift=325921.84 m
[t= 769.9 s] rows=77000 imu=76291 gps=709 drift=333000.28 m
[t= 779.9 s] rows=78000 imu=77289 gps=711 drift=340049.16 m
[t= 790.0 s] rows=79000 imu=78287 gps=713 drift=347114.12 m
----------------------------------------------------------------
 REAL_RUN_REPLAY resumen
  Filas procesadas: 79968 (IMU=79253, GPS=715)
  Duracion:         799.76 s
  Filtro activo:    si
  GNSS aceptadas:   76 | rechazadas: 639 (10.6% aceptadas)
  Ultimo GPS NED:   (-490.930, -2201.897, 13.898) m
  Deriva final H:   354011.250 m
  Estado final NED: (344407.625, -82007.633, -82286.625) m
----------------------------------------------------------------
