REAL_RUN_REPLAY: ekf_core=v2 v2_polish=off
REAL_RUN_REPLAY: filtro=InsEkf15State_v2
REAL_RUN_REPLAY: entrada=C:\NaviCore-3D\docs\benchmarks\real_run_replay.csv
REAL_RUN_REPLAY: salida=C:\NaviCore-3D\docs\benchmarks\ekf_v2_ab_3routes\ALT_16072026\v2\replay_output.csv
REAL_RUN_REPLAY: montaje=calibration:C:\NaviCore-3D\calibration\imu_mount.json
REAL_RUN_REPLAY: yaw_init=H0_zero_yaw
REAL_RUN_REPLAY: H9a gravity tilt init (min_samples=50 window=2.0 s)
REAL_RUN_REPLAY: constraint_policy=disabled nhc_policy=disabled nhc_every_n=1 static_end=30.0s gps_thresh=0.10 m/s
REAL_RUN_REPLAY: NHC_sigma lateral=0.500 vertical=1.000 m/s
REAL_RUN_REPLAY: gap3_gnss_nis_audit=C:\NaviCore-3D\docs\benchmarks\ekf_v2_ab_3routes\ALT_16072026\v2\gnss_nis_audit.csv
REAL_RUN_REPLAY: gnss_obs_mode=pos_vel | sigma_vel=1.50 m/s | p_pv_policy=none
REAL_RUN_REPLAY: H8 geodesy validation omitida (Location.csv no disponible)
REAL_RUN_REPLAY: inicializado @ t=1.031 s | ref NED=(0.000, 0.000, -0.000) m
GNSS_NIS_DECISION t_ms=0 n_meas=3 NIS_used=0.000000 thr=1000000.000000 innov=[0.000,0.000,0.000,0.000,0.000] contrib=[0.000,0.000,0.000,0.000,0.000] S_diag=[392.839,392.839,397.839,0.000,0.000] decision=accept reason=0
REAL_RUN_REPLAY: H9a gravity tilt init @ t=1.533 s | samples=50 | mean_a_body=(-0.159, -0.009, 9.805) | mean_w_body=(-0.00006, -0.00029, 0.00004) | roll=-0.06 pitch=0.93 deg
GNSS_NIS_DECISION t_ms=5662 n_meas=3 NIS_used=0.025121 thr=1000000.000000 innov=[1.643,-3.911,0.047,0.000,0.000] contrib=[0.004,0.021,0.000,0.000,0.000] S_diag=[715.485,716.565,517.720,0.000,0.000] decision=accept reason=0
GNSS_NIS_DECISION t_ms=5662 n_meas=2 NIS_used=0.002671 thr=9.210000 innov=[-0.190,0.373,0.000,0.000,0.000] contrib=[0.001,0.002,0.000,0.000,0.000] S_diag=[65.454,65.538,0.000,0.000,0.000] decision=accept reason=0
GNSS_NIS_AUDIT_COMPARE t_s=5.664433 gnss_nis_gate=0.025121 gnss_nis_pos3d=0.028485 thr=15.086000 contrib=[0.004,0.021,0.000,0.001,0.002] accepted=1 reject_reason=0
GNSS_NIS_DECISION t_ms=6045 n_meas=3 NIS_used=0.043223 thr=1000000.000000 innov=[1.713,-3.339,0.053,0.000,0.000] contrib=[0.009,0.034,0.000,0.000,0.000] S_diag=[325.798,325.869,351.333,0.000,0.000] decision=accept reason=0
GNSS_NIS_DECISION t_ms=6045 n_meas=2 NIS_used=0.007994 thr=9.210000 innov=[0.193,0.077,0.000,0.000,0.000] contrib=[0.007,0.001,0.000,0.000,0.000] S_diag=[5.397,5.398,0.000,0.000,0.000] decision=accept reason=0
GNSS_NIS_AUDIT_COMPARE t_s=6.053679 gnss_nis_gate=0.043223 gnss_nis_pos3d=0.028246 thr=15.086000 contrib=[0.009,0.034,0.000,0.007,0.001] accepted=1 reject_reason=0
GNSS_NIS_DECISION t_ms=6922 n_meas=3 NIS_used=0.041416 thr=1000000.000000 innov=[1.153,-3.028,0.070,0.000,0.000] contrib=[0.005,0.036,0.000,0.000,0.000] S_diag=[253.553,253.565,302.329,0.000,0.000] decision=accept reason=0
GNSS_NIS_DECISION t_ms=6922 n_meas=2 NIS_used=0.044358 thr=9.210000 innov=[-0.082,-0.528,0.000,0.000,0.000] contrib=[0.001,0.043,0.000,0.000,0.000] S_diag=[6.994,6.435,0.000,0.000,0.000] decision=accept reason=0
GNSS_NIS_AUDIT_COMPARE t_s=6.922794 gnss_nis_gate=0.041416 gnss_nis_pos3d=0.032453 thr=15.086000 contrib=[0.005,0.036,0.000,0.001,0.043] accepted=1 reject_reason=0
GNSS_NIS_DECISION t_ms=8536 n_meas=3 NIS_used=0.182261 thr=1000000.000000 innov=[1.541,-5.814,0.154,0.000,0.000] contrib=[0.012,0.170,0.000,0.000,0.000] S_diag=[204.317,198.388,303.058,0.000,0.000] decision=accept reason=0
GNSS_NIS_DECISION t_ms=8536 n_meas=2 NIS_used=0.575053 thr=9.210000 innov=[0.172,-2.649,0.000,0.000,0.000] contrib=[0.002,0.574,0.000,0.000,0.000] S_diag=[16.981,12.226,0.000,0.000,0.000] decision=accept reason=0
GNSS_NIS_AUDIT_COMPARE t_s=8.536244 gnss_nis_gate=0.182261 gnss_nis_pos3d=0.141594 thr=15.086000 contrib=[0.012,0.170,0.000,0.002,0.574] accepted=1 reject_reason=0
GNSS_NIS_DECISION t_ms=9544 n_meas=3 NIS_used=0.107879 thr=1000000.000000 innov=[1.150,-3.959,-0.338,0.000,0.000] contrib=[0.008,0.099,0.000,0.000,0.000] S_diag=[159.725,158.166,255.500,0.000,0.000] decision=accept reason=0
GNSS_NIS_DECISION t_ms=9544 n_meas=2 NIS_used=0.027947 thr=9.210000 innov=[-0.177,0.402,0.000,0.000,0.000] contrib=[0.005,0.023,0.000,0.000,0.000] S_diag=[6.938,6.920,0.000,0.000,0.000] decision=accept reason=0
GNSS_NIS_AUDIT_COMPARE t_s=9.544652 gnss_nis_gate=0.107879 gnss_nis_pos3d=0.086633 thr=15.086000 contrib=[0.008,0.099,0.000,0.005,0.023] accepted=1 reject_reason=0
[t=  10.0 s] rows=1000 imu=994 gps=6 drift=3.26 m
GNSS_NIS_DECISION t_ms=10553 n_meas=3 NIS_used=0.045696 thr=1000000.000000 innov=[1.047,-2.362,-0.292,0.000,0.000] contrib=[0.007,0.038,0.000,0.000,0.000] S_diag=[147.710,147.288,225.799,0.000,0.000] decision=accept reason=0
GNSS_NIS_DECISION t_ms=10553 n_meas=2 NIS_used=1.525251 thr=9.210000 innov=[2.069,2.277,0.000,0.000,0.000] contrib=[0.628,0.897,0.000,0.000,0.000] S_diag=[6.685,5.698,0.000,0.000,0.000] decision=accept reason=0
GNSS_NIS_AUDIT_COMPARE t_s=10.553060 gnss_nis_gate=0.045696 gnss_nis_pos3d=0.042884 thr=15.086000 contrib=[0.007,0.038,0.000,0.628,0.897] accepted=1 reject_reason=0
GNSS_NIS_DECISION t_ms=11258 n_meas=3 NIS_used=2.221360 thr=1000000.000000 innov=[-10.563,6.265,-0.053,0.000,0.000] contrib=[1.642,0.579,0.000,0.000,0.000] S_diag=[67.920,67.752,123.849,0.000,0.000] decision=accept reason=0
GNSS_NIS_DECISION t_ms=11258 n_meas=2 NIS_used=13.635838 thr=9.210000 innov=[-6.722,4.521,0.000,0.000,0.000] contrib=[8.603,5.032,0.000,0.000,0.000] S_diag=[5.758,4.729,0.000,0.000,0.000] decision=reject reason=1
GNSS_NIS_AUDIT_COMPARE t_s=11.268434 gnss_nis_gate=2.221360 gnss_nis_pos3d=1.040084 thr=15.086000 contrib=[1.642,0.579,0.000,8.603,5.032] accepted=1 reject_reason=0
GNSS_NIS_DECISION t_ms=12267 n_meas=3 NIS_used=8.030077 thr=1000000.000000 innov=[-16.148,10.924,0.112,0.000,0.000] contrib=[5.419,2.611,0.000,0.000,0.000] S_diag=[49.295,48.028,72.377,0.000,0.000] decision=accept reason=0
GNSS_NIS_DECISION t_ms=12267 n_meas=2 NIS_used=9.242750 thr=9.210000 innov=[-6.008,4.877,0.000,0.000,0.000] contrib=[4.712,4.530,0.000,0.000,0.000] S_diag=[11.655,8.099,0.000,0.000,0.000] decision=reject reason=1
GNSS_NIS_AUDIT_COMPARE t_s=12.268434 gnss_nis_gate=8.030077 gnss_nis_pos3d=5.542654 thr=15.086000 contrib=[5.419,2.611,0.000,4.712,4.530] accepted=1 reject_reason=0
GNSS_NIS_DECISION t_ms=13265 n_meas=3 NIS_used=8.096191 thr=1000000.000000 innov=[-15.889,12.601,0.158,0.000,0.000] contrib=[4.489,3.608,-0.001,0.000,0.000] S_diag=[66.392,53.885,51.677,0.000,0.000] decision=accept reason=0
GNSS_NIS_DECISION t_ms=13265 n_meas=2 NIS_used=3.455461 thr=9.210000 innov=[-1.667,4.790,0.000,0.000,0.000] contrib=[0.430,3.026,0.000,0.000,0.000] S_diag=[16.420,9.239,0.000,0.000,0.000] decision=accept reason=0
GNSS_NIS_AUDIT_COMPARE t_s=13.268434 gnss_nis_gate=8.096191 gnss_nis_pos3d=7.828979 thr=15.086000 contrib=[4.489,3.608,-0.001,0.430,3.026] accepted=1 reject_reason=0
GNSS_NIS_DECISION t_ms=14264 n_meas=3 NIS_used=1.888981 thr=1000000.000000 innov=[-6.554,5.512,-0.776,0.000,0.000] contrib=[1.090,0.784,0.015,0.000,0.000] S_diag=[39.613,39.020,45.931,0.000,0.000] decision=accept reason=0
GNSS_NIS_DECISION t_ms=14264 n_meas=2 NIS_used=0.248582 thr=9.210000 innov=[1.125,0.490,0.000,0.000,0.000] contrib=[0.199,0.050,0.000,0.000,0.000] S_diag=[6.267,4.541,0.000,0.000,0.000] decision=accept reason=0
GNSS_NIS_AUDIT_COMPARE t_s=14.268434 gnss_nis_gate=1.888981 gnss_nis_pos3d=1.888981 thr=15.086000 contrib=[1.090,0.784,0.015,0.199,0.050] accepted=1 reject_reason=0
GNSS_NIS_DECISION t_ms=15262 n_meas=3 NIS_used=0.799913 thr=1000000.000000 innov=[-4.157,3.392,-0.882,0.000,0.000] contrib=[0.467,0.314,0.018,0.000,0.000] S_diag=[37.054,36.697,43.763,0.000,0.000] decision=accept reason=0
GNSS_NIS_DECISION t_ms=15262 n_meas=2 NIS_used=0.647535 thr=9.210000 innov=[1.549,-0.807,0.000,0.000,0.000] contrib=[0.482,0.166,0.000,0.000,0.000] S_diag=[4.971,3.921,0.000,0.000,0.000] decision=accept reason=0
GNSS_NIS_AUDIT_COMPARE t_s=15.268434 gnss_nis_gate=0.799913 gnss_nis_pos3d=0.799913 thr=15.086000 contrib=[0.467,0.314,0.018,0.482,0.166] accepted=1 reject_reason=0
GNSS_NIS_DECISION t_ms=16260 n_meas=3 NIS_used=0.395424 thr=1000000.000000 innov=[-2.819,2.398,-0.742,0.000,0.000] contrib=[0.221,0.161,0.013,0.000,0.000] S_diag=[35.960,35.673,42.666,0.000,0.000] decision=accept reason=0
GNSS_NIS_DECISION t_ms=16260 n_meas=2 NIS_used=1.472620 thr=9.210000 innov=[2.008,-1.417,0.000,0.000,0.000] contrib=[0.932,0.541,0.000,0.000,0.000] S_diag=[4.280,3.652,0.000,0.000,0.000] decision=accept reason=0
GNSS_NIS_AUDIT_COMPARE t_s=16.268435 gnss_nis_gate=0.395424 gnss_nis_pos3d=0.395424 thr=15.086000 contrib=[0.221,0.161,0.013,0.932,0.541] accepted=1 reject_reason=0
GNSS_NIS_AUDIT_COMPARE t_s=17.268435 gnss_nis_gate=0.163073 gnss_nis_pos3d=0.163073 thr=15.086000 contrib=[0.107,0.048,0.008,0.426,0.648] accepted=1 reject_reason=0
GNSS_NIS_AUDIT_COMPARE t_s=18.268435 gnss_nis_gate=0.083305 gnss_nis_pos3d=0.104832 thr=15.086000 contrib=[0.072,0.007,0.004,0.616,1.453] accepted=1 reject_reason=0
GNSS_NIS_AUDIT_COMPARE t_s=19.268435 gnss_nis_gate=0.054161 gnss_nis_pos3d=0.091337 thr=15.086000 contrib=[0.047,0.006,0.001,0.164,2.142] accepted=1 reject_reason=0
[t=  20.0 s] rows=2000 imu=1984 gps=16 drift=3.49 m
GNSS_NIS_AUDIT_COMPARE t_s=20.268435 gnss_nis_gate=0.003625 gnss_nis_pos3d=0.005380 thr=15.086000 contrib=[0.003,0.000,0.000,0.750,0.391] accepted=1 reject_reason=0
GNSS_NIS_AUDIT_COMPARE t_s=21.268435 gnss_nis_gate=0.003931 gnss_nis_pos3d=0.005440 thr=15.086000 contrib=[0.000,0.003,0.000,0.781,0.071] accepted=1 reject_reason=0
GNSS_NIS_AUDIT_COMPARE t_s=22.268435 gnss_nis_gate=0.006122 gnss_nis_pos3d=0.006252 thr=15.086000 contrib=[0.003,0.003,0.000,0.337,0.037] accepted=1 reject_reason=0
GNSS_NIS_AUDIT_COMPARE t_s=23.268436 gnss_nis_gate=0.001319 gnss_nis_pos3d=0.001343 thr=15.086000 contrib=[0.000,0.001,0.000,0.837,0.229] accepted=1 reject_reason=0
GNSS_NIS_AUDIT_COMPARE t_s=24.268436 gnss_nis_gate=0.003951 gnss_nis_pos3d=0.003928 thr=15.086000 contrib=[0.001,0.003,0.000,0.601,0.279] accepted=1 reject_reason=0
GNSS_NIS_AUDIT_COMPARE t_s=25.268436 gnss_nis_gate=0.007586 gnss_nis_pos3d=0.007741 thr=15.086000 contrib=[0.003,0.004,0.000,0.077,0.161] accepted=1 reject_reason=0
GNSS_NIS_AUDIT_COMPARE t_s=25.357677 gnss_nis_gate=0.090458 gnss_nis_pos3d=0.098713 thr=15.086000 contrib=[0.002,0.007,0.082,0.000,0.000] accepted=1 reject_reason=0
GNSS_NIS_AUDIT_COMPARE t_s=26.268436 gnss_nis_gate=0.058533 gnss_nis_pos3d=0.059274 thr=15.086000 contrib=[0.001,0.002,0.056,0.058,0.186] accepted=1 reject_reason=0
GNSS_NIS_AUDIT_COMPARE t_s=27.268436 gnss_nis_gate=0.038371 gnss_nis_pos3d=0.038209 thr=15.086000 contrib=[0.001,0.001,0.036,0.564,0.250] accepted=1 reject_reason=0
GNSS_NIS_AUDIT_COMPARE t_s=28.268438 gnss_nis_gate=0.066217 gnss_nis_pos3d=0.065345 thr=15.086000 contrib=[0.036,0.009,0.021,0.491,0.506] accepted=1 reject_reason=0
[t=  30.0 s] rows=3000 imu=2973 gps=27 drift=7.95 m
[t=  40.0 s] rows=4000 imu=3963 gps=37 drift=7.88 m
[t=  50.0 s] rows=5000 imu=4953 gps=47 drift=16.47 m
[t=  59.9 s] rows=6000 imu=5943 gps=57 drift=29.10 m
[t=  69.9 s] rows=7000 imu=6933 gps=67 drift=50.33 m
[t=  79.9 s] rows=8000 imu=7922 gps=78 drift=8.89 m
[t=  89.9 s] rows=9000 imu=8912 gps=88 drift=10.80 m
[t=  99.9 s] rows=10000 imu=9902 gps=98 drift=8.56 m
[t= 109.8 s] rows=11000 imu=10892 gps=108 drift=3.91 m
[t= 119.8 s] rows=12000 imu=11882 gps=118 drift=10.04 m
[t= 129.8 s] rows=13000 imu=12872 gps=128 drift=12.27 m
[t= 139.8 s] rows=14000 imu=13862 gps=138 drift=9.66 m
[t= 149.8 s] rows=15000 imu=14852 gps=148 drift=18.35 m
[t= 159.8 s] rows=16000 imu=15842 gps=158 drift=14.07 m
[t= 169.8 s] rows=17000 imu=16832 gps=168 drift=13.20 m
[t= 179.7 s] rows=18000 imu=17822 gps=178 drift=11.85 m
[t= 189.7 s] rows=19000 imu=18812 gps=188 drift=8.98 m
[t= 199.7 s] rows=20000 imu=19802 gps=198 drift=18.36 m
[t= 209.7 s] rows=21000 imu=20792 gps=208 drift=11.10 m
[t= 219.7 s] rows=22000 imu=21782 gps=218 drift=19.12 m
[t= 229.7 s] rows=23000 imu=22772 gps=228 drift=6.60 m
[t= 239.7 s] rows=24000 imu=23762 gps=238 drift=18.01 m
[t= 249.6 s] rows=25000 imu=24752 gps=248 drift=38.22 m
[t= 259.6 s] rows=26000 imu=25742 gps=258 drift=4.81 m
[t= 269.6 s] rows=27000 imu=26732 gps=268 drift=5.23 m
[t= 279.6 s] rows=28000 imu=27722 gps=278 drift=6.91 m
[t= 289.6 s] rows=29000 imu=28712 gps=288 drift=9.99 m
[t= 299.6 s] rows=30000 imu=29702 gps=298 drift=7.80 m
[t= 309.6 s] rows=31000 imu=30692 gps=308 drift=4.27 m
[t= 319.5 s] rows=32000 imu=31682 gps=318 drift=14.10 m
[t= 329.5 s] rows=33000 imu=32672 gps=328 drift=3.10 m
----------------------------------------------------------------
 REAL_RUN_REPLAY resumen
  Filas procesadas: 33327 (IMU=32996, GPS=331)
  Duracion:         332.79 s
  Filtro activo:    si
  GNSS aceptadas:   331 | rechazadas: 0 (100.0% aceptadas)
  Ultimo GPS NED:   (-1988.888, -4078.254, 16.413) m
  Deriva final H:   6.233 m
  Estado final NED: (-1994.248, -4081.435, 12.418) m
----------------------------------------------------------------
